Microsoft (R) Macro Assembler Version 6.15.8803		    05/20/20 18:20:31
Lab3.asm						     Page 1 - 1


				.386
				.model flat, stdcall
				.xlist
				.list
				;Считая, что все даты даются по григорианскому календарю (“новому
				;стилю”), описать: 1) функцию, подсчитывающую, сколько дней прошло от 1-го
				;января 1-го года нашей эры до некоторой даты; 2) функцию определения дня
				;недели, на который приходится заданная дата (1 января 1 –го года н.э. было
				;понедельником). Использовать эти функции для определения дня недели по
				;заданной дате.
				;/* year%4==0&amp;&amp;year%100!=0||year%400==0 */


 00000000			.const
 00000000 45 6E 74 65 72	    start_text  db  "Enter date as DD.MM.YYYY:", 10, 13, 0
	   20 64 61 74 65
	   20 61 73 20 44
	   44 2E 4D 4D 2E
	   59 59 59 59 3A
	   0A 0D 00
 0000001C 50 72 65 73 73	    exitStr db 'Press someting to exit', 10, 13, 0
	   20 73 6F 6D 65
	   74 69 6E 67 20
	   74 6F 20 65 78
	   69 74 0A 0D 00
 00000000			.data
 00000000  0000000F [		    Num_str   db  15 dup ('?');Хранение числа как строки, используется  NumToStr
	    3F
	   ]
 0000000F 00000002		    Num_Value   dd  2
 00000013 0A 0D 00		    end_of_str  db  10, 13, 0


 00000016  00000080 [		    inputStr    db  128 dup(?)
	    00
	   ]
 00000096  00000003 [		    inputDate   dw  3 dup(?)
	    0000
	   ]
 00000000			.code

				;в стекe: 1) адрес строки с датой db
				;2) адрес переменной для записи результата dw
 00000000			GetNumData proc far uses ECX ESI EDI EAX EBX ECX
 00000006  55			    push EBP
 00000007  8B EC		    mov EBP, ESP
 00000009  8B 75 28		    mov ESI, [EBP + 40] ;строка с датой 
 0000000C  8B 7D 24		    mov EDI, [EBP + 36] ; сюда записывается результат

				    irp i, <2, 2, 4>
				        rept i
				            xor ax, ax
				            lodsb
				            sub ax, 30h
				            push ax ;запись прочитанной цифры
				        endm
				        xor cx, cx; тут накапливается число
				        mov bx, 1;тут накапливаются десятки
				        rept i
				            pop ax
				            mul bx; умножение на накопленные десятки.
				            add cx, ax; предполагается, что число не выйдет за пределы слова
				            mov ax, bx
				            mov bx, 10
				            mul bx
				            mov bx, ax
				        endm 
				        mov [EDI], cx
				        add EDI, 2
				        inc ESI
				    endm
 0000000F  66| 33 C0	     2	            xor ax, ax
 00000012  AC		     2	            lodsb
 00000013  66| 83 E8 30	     2	            sub ax, 30h
 00000017  66| 50	     2	            push ax ;запись прочитанной цифры
 00000019  66| 33 C0	     2	            xor ax, ax
 0000001C  AC		     2	            lodsb
 0000001D  66| 83 E8 30	     2	            sub ax, 30h
 00000021  66| 50	     2	            push ax ;запись прочитанной цифры
 00000023  66| 33 C9	     1	        xor cx, cx; тут накапливается число
 00000026  66| BB 0001	     1	        mov bx, 1;тут накапливаются десятки
 0000002A  66| 58	     2	            pop ax
 0000002C  66| F7 E3	     2	            mul bx; умножение на накопленные десятки.
 0000002F  66| 03 C8	     2	            add cx, ax; предполагается, что число не выйдет за пределы слова
 00000032  66| 8B C3	     2	            mov ax, bx
 00000035  66| BB 000A	     2	            mov bx, 10
 00000039  66| F7 E3	     2	            mul bx
 0000003C  66| 8B D8	     2	            mov bx, ax
 0000003F  66| 58	     2	            pop ax
 00000041  66| F7 E3	     2	            mul bx; умножение на накопленные десятки.
 00000044  66| 03 C8	     2	            add cx, ax; предполагается, что число не выйдет за пределы слова
 00000047  66| 8B C3	     2	            mov ax, bx
 0000004A  66| BB 000A	     2	            mov bx, 10
 0000004E  66| F7 E3	     2	            mul bx
 00000051  66| 8B D8	     2	            mov bx, ax
 00000054  66| 89 0F	     1	        mov [EDI], cx
 00000057  83 C7 02	     1	        add EDI, 2
 0000005A  46		     1	        inc ESI
 0000005B  66| 33 C0	     2	            xor ax, ax
 0000005E  AC		     2	            lodsb
 0000005F  66| 83 E8 30	     2	            sub ax, 30h
 00000063  66| 50	     2	            push ax ;запись прочитанной цифры
 00000065  66| 33 C0	     2	            xor ax, ax
 00000068  AC		     2	            lodsb
 00000069  66| 83 E8 30	     2	            sub ax, 30h
 0000006D  66| 50	     2	            push ax ;запись прочитанной цифры
 0000006F  66| 33 C9	     1	        xor cx, cx; тут накапливается число
 00000072  66| BB 0001	     1	        mov bx, 1;тут накапливаются десятки
 00000076  66| 58	     2	            pop ax
 00000078  66| F7 E3	     2	            mul bx; умножение на накопленные десятки.
 0000007B  66| 03 C8	     2	            add cx, ax; предполагается, что число не выйдет за пределы слова
 0000007E  66| 8B C3	     2	            mov ax, bx
 00000081  66| BB 000A	     2	            mov bx, 10
 00000085  66| F7 E3	     2	            mul bx
 00000088  66| 8B D8	     2	            mov bx, ax
 0000008B  66| 58	     2	            pop ax
 0000008D  66| F7 E3	     2	            mul bx; умножение на накопленные десятки.
 00000090  66| 03 C8	     2	            add cx, ax; предполагается, что число не выйдет за пределы слова
 00000093  66| 8B C3	     2	            mov ax, bx
 00000096  66| BB 000A	     2	            mov bx, 10
 0000009A  66| F7 E3	     2	            mul bx
 0000009D  66| 8B D8	     2	            mov bx, ax
 000000A0  66| 89 0F	     1	        mov [EDI], cx
 000000A3  83 C7 02	     1	        add EDI, 2
 000000A6  46		     1	        inc ESI
 000000A7  66| 33 C0	     2	            xor ax, ax
 000000AA  AC		     2	            lodsb
 000000AB  66| 83 E8 30	     2	            sub ax, 30h
 000000AF  66| 50	     2	            push ax ;запись прочитанной цифры
 000000B1  66| 33 C0	     2	            xor ax, ax
 000000B4  AC		     2	            lodsb
 000000B5  66| 83 E8 30	     2	            sub ax, 30h
 000000B9  66| 50	     2	            push ax ;запись прочитанной цифры
 000000BB  66| 33 C0	     2	            xor ax, ax
 000000BE  AC		     2	            lodsb
 000000BF  66| 83 E8 30	     2	            sub ax, 30h
 000000C3  66| 50	     2	            push ax ;запись прочитанной цифры
 000000C5  66| 33 C0	     2	            xor ax, ax
 000000C8  AC		     2	            lodsb
 000000C9  66| 83 E8 30	     2	            sub ax, 30h
 000000CD  66| 50	     2	            push ax ;запись прочитанной цифры
 000000CF  66| 33 C9	     1	        xor cx, cx; тут накапливается число
 000000D2  66| BB 0001	     1	        mov bx, 1;тут накапливаются десятки
 000000D6  66| 58	     2	            pop ax
 000000D8  66| F7 E3	     2	            mul bx; умножение на накопленные десятки.
 000000DB  66| 03 C8	     2	            add cx, ax; предполагается, что число не выйдет за пределы слова
 000000DE  66| 8B C3	     2	            mov ax, bx
 000000E1  66| BB 000A	     2	            mov bx, 10
 000000E5  66| F7 E3	     2	            mul bx
 000000E8  66| 8B D8	     2	            mov bx, ax
 000000EB  66| 58	     2	            pop ax
 000000ED  66| F7 E3	     2	            mul bx; умножение на накопленные десятки.
 000000F0  66| 03 C8	     2	            add cx, ax; предполагается, что число не выйдет за пределы слова
 000000F3  66| 8B C3	     2	            mov ax, bx
 000000F6  66| BB 000A	     2	            mov bx, 10
 000000FA  66| F7 E3	     2	            mul bx
 000000FD  66| 8B D8	     2	            mov bx, ax
 00000100  66| 58	     2	            pop ax
 00000102  66| F7 E3	     2	            mul bx; умножение на накопленные десятки.
 00000105  66| 03 C8	     2	            add cx, ax; предполагается, что число не выйдет за пределы слова
 00000108  66| 8B C3	     2	            mov ax, bx
 0000010B  66| BB 000A	     2	            mov bx, 10
 0000010F  66| F7 E3	     2	            mul bx
 00000112  66| 8B D8	     2	            mov bx, ax
 00000115  66| 58	     2	            pop ax
 00000117  66| F7 E3	     2	            mul bx; умножение на накопленные десятки.
 0000011A  66| 03 C8	     2	            add cx, ax; предполагается, что число не выйдет за пределы слова
 0000011D  66| 8B C3	     2	            mov ax, bx
 00000120  66| BB 000A	     2	            mov bx, 10
 00000124  66| F7 E3	     2	            mul bx
 00000127  66| 8B D8	     2	            mov bx, ax
 0000012A  66| 89 0F	     1	        mov [EDI], cx
 0000012D  83 C7 02	     1	        add EDI, 2
 00000130  46		     1	        inc ESI

 00000131  8B E5		    mov ESP, EBP
 00000133  5D			    pop EBP
				    ret 
 0000013B			GetNumData endp
				;-----------------------------------------------------------------------------------------------------------
				;параметры - через внешние имена: Num_str, end_of_str, Num_Valu
 0000013B			NumToStr proc far  ; взято из лабораторной работы 2; 
 0000013B  55			    push EBP
 0000013C  8B EC		    mov EBP, ESP
 0000013E  60			    pushad
				    
 0000013F  BF 00000000 R	    mov edi, offset Num_str 
 00000144  8B 1D 0000000F R	    mov ebx, Num_Value
 0000014A  B9 0000000F		    mov ecx, 15
 0000014F  83 3D 0000000F R	    cmp Num_Value, 0
	   00
 00000156  7D 05		    jge positive ;если число отрицательное, первым в строку запишется "-"
 00000158  B0 2D		        mov al, "-"
 0000015A  AA			        stosb
 0000015B  F7 DB		        neg ebx
 0000015D			    positive:
 0000015D  33 D2		        xor edx, edx
 0000015F  8B C3		        mov eax, ebx

 00000161  BB 0000000A		        mov ebx, 10
 00000166  F7 F3		        div ebx    ;Деление на 10
 00000168  83 C2 30		        add edx, 48  ;К остатку прибавить 48, остаток точно меньше 10
 0000016B  8B D8		        mov ebx, eax  ;Сохрaнить целую часть
 0000016D  66| 8B C2		        mov ax, dx
 00000170  66| 50		        push ax     ;Соханить цифру в стек
 00000172  66| 83 FB 00		        cmp bx, 0   ;Если целая часть - 0, выйти из цикла
 00000176  E0 E5		        loopnz positive
 00000178			    myEnd:
 00000178  B8 0000000F		        mov eax, 15
 0000017D  2B C1		        sub eax, ecx ; сколько цифр было получено
 0000017F  83 3D 0000000F R	        cmp Num_Value, 0      ;был ли знак "-" в начале строки числа
	   00
 00000186  7D 01		        jge pos
 00000188  40			        inc eax
 00000189			        pos:
 00000189  8B C8		        mov ecx, eax
 0000018B  8B D0		        mov edx, eax; Нужно сохранить колличество цифр 
 0000018D			        cycle2:
 0000018D  66| 58		            pop ax
 0000018F  AA			            stosb
 00000190  E2 FB		        loop cycle2
 00000192  BE 00000013 R	        mov esi, offset end_of_str ;Добавить символы окончания строки
 00000197  BF 00000000 R	        mov edi, offset Num_str
 0000019C  03 FA		        add edi, edx
 0000019E  B9 00000003		        mov ecx, 3
 000001A3  F3/ 66| A5		        rep movsw
 000001A6  61			        popad
 000001A7  8B E5		        mov ESP, EBP
 000001A9  5D			        pop EBP
 000001AA  CB			        ret 
 000001AB			    NumToStr endp
				;--------------------------------------------------------------------------------------------------------------------

 000001AB			main proc far
				    invoke StdOut, offset start_text
				    invoke StdIn, offset inputStr, 128
 000001C4  68 00000016 R	    push offset inputStr
 000001C9  68 00000096 R	    push offset inputDate
 000001CE  0E E8 FFFFFE2C	    call GetNumData

 000001D4  B8 00000096 R	    mov eax, offset inputDate
 000001D9  83 C0 04		    add eax, 4
 000001DC  33 DB		    xor ebx, ebx
 000001DE  66| 8B 18		    mov bx, word ptr [eax]
 000001E1  89 1D 0000000F R	    mov Num_Value, ebx

 000001E7  0E E8 FFFFFF4E	    call NumToStr

 000001ED  8D 05 00000000 R	    lea eax, Num_str
				    invoke StdOut, eax


				    invoke StdOut, offset exitStr
				    invoke StdIn, offset inputStr, 128 
 00000212  CB			    ret
 00000213			main endp
				end main
Microsoft (R) Macro Assembler Version 6.15.8803		    05/20/20 18:20:31
Lab3.asm						     Symbols 2 - 1




Macros:

                N a m e                 Type

MakeIP . . . . . . . . . . . . .	Func


Segments and Groups:

                N a m e                 Size     Length   Align   Combine Class

CONST  . . . . . . . . . . . . .	32 Bit	 00000035 DWord	  Public  'CONST'	 ReadOnly
FLAT . . . . . . . . . . . . . .	GROUP
_DATA  . . . . . . . . . . . . .	32 Bit	 0000009C DWord	  Public  'DATA'	
_TEXT  . . . . . . . . . . . . .	32 Bit	 00000213 DWord	  Public  'CODE'	


Procedures,  parameters and locals:

                N a m e                 Type     Value    Attr

AboutBox . . . . . . . . . . . .	P Near	 00000000 FLAT	Length= 00000000 External STDCALL
AddAtomA . . . . . . . . . . . .	P Near	 00000000 FLAT	Length= 00000000 External STDCALL
AddAtomW . . . . . . . . . . . .	P Near	 00000000 FLAT	Length= 00000000 External STDCALL
AllocConsole . . . . . . . . . .	P Near	 00000000 FLAT	Length= 00000000 External STDCALL
AllocateUserPhysicalPages  . . .	P Near	 00000000 FLAT	Length= 00000000 External STDCALL
Alloc  . . . . . . . . . . . . .	P Near	 00000000 FLAT	Length= 00000000 External STDCALL
AreFileApisANSI  . . . . . . . .	P Near	 00000000 FLAT	Length= 00000000 External STDCALL
ArgClC . . . . . . . . . . . . .	P Near	 00000000 FLAT	Length= 00000000 External STDCALL
ArgCl  . . . . . . . . . . . . .	P Near	 00000000 FLAT	Length= 00000000 External STDCALL
AsciiDump  . . . . . . . . . . .	P Near	 00000000 FLAT	Length= 00000000 External STDCALL
AssignProcessToJobObject . . . .	P Near	 00000000 FLAT	Length= 00000000 External STDCALL
BMBinSearch  . . . . . . . . . .	P Near	 00000000 FLAT	Length= 00000000 External STDCALL
BMHBinsearch . . . . . . . . . .	P Near	 00000000 FLAT	Length= 00000000 External STDCALL
BackupRead . . . . . . . . . . .	P Near	 00000000 FLAT	Length= 00000000 External STDCALL
BackupSeek . . . . . . . . . . .	P Near	 00000000 FLAT	Length= 00000000 External STDCALL
BackupWrite  . . . . . . . . . .	P Near	 00000000 FLAT	Length= 00000000 External STDCALL
Beep . . . . . . . . . . . . . .	P Near	 00000000 FLAT	Length= 00000000 External STDCALL
BeginUpdateResourceA . . . . . .	P Near	 00000000 FLAT	Length= 00000000 External STDCALL
BeginUpdateResourceW . . . . . .	P Near	 00000000 FLAT	Length= 00000000 External STDCALL
BinSearch  . . . . . . . . . . .	P Near	 00000000 FLAT	Length= 00000000 External STDCALL
BindIoCompletionCallback . . . .	P Near	 00000000 FLAT	Length= 00000000 External STDCALL
BitmapFromFile . . . . . . . . .	P Near	 00000000 FLAT	Length= 00000000 External STDCALL
BitmapFromMemory . . . . . . . .	P Near	 00000000 FLAT	Length= 00000000 External STDCALL
BitmapFromResource . . . . . . .	P Near	 00000000 FLAT	Length= 00000000 External STDCALL
BmpButton  . . . . . . . . . . .	P Near	 00000000 FLAT	Length= 00000000 External STDCALL
BrowseForFolder  . . . . . . . .	P Near	 00000000 FLAT	Length= 00000000 External STDCALL
BuildCommDCBAndTimeoutsA . . . .	P Near	 00000000 FLAT	Length= 00000000 External STDCALL
BuildCommDCBAndTimeoutsW . . . .	P Near	 00000000 FLAT	Length= 00000000 External STDCALL
BuildCommDCBA  . . . . . . . . .	P Near	 00000000 FLAT	Length= 00000000 External STDCALL
BuildCommDCBW  . . . . . . . . .	P Near	 00000000 FLAT	Length= 00000000 External STDCALL
CallNamedPipeA . . . . . . . . .	P Near	 00000000 FLAT	Length= 00000000 External STDCALL
CallNamedPipeW . . . . . . . . .	P Near	 00000000 FLAT	Length= 00000000 External STDCALL
CancelDeviceWakeupRequest  . . .	P Near	 00000000 FLAT	Length= 00000000 External STDCALL
CancelIo . . . . . . . . . . . .	P Near	 00000000 FLAT	Length= 00000000 External STDCALL
CancelTimerQueueTimer  . . . . .	P Near	 00000000 FLAT	Length= 00000000 External STDCALL
CancelWaitableTimer  . . . . . .	P Near	 00000000 FLAT	Length= 00000000 External STDCALL
ChangeTimerQueueTimer  . . . . .	P Near	 00000000 FLAT	Length= 00000000 External STDCALL
ClearCommBreak . . . . . . . . .	P Near	 00000000 FLAT	Length= 00000000 External STDCALL
ClearCommError . . . . . . . . .	P Near	 00000000 FLAT	Length= 00000000 External STDCALL
ClearScreen  . . . . . . . . . .	P Near	 00000000 FLAT	Length= 00000000 External STDCALL
CloseHandle  . . . . . . . . . .	P Near	 00000000 FLAT	Length= 00000000 External STDCALL
CloseMMF . . . . . . . . . . . .	P Near	 00000000 FLAT	Length= 00000000 External STDCALL
ColorDialog  . . . . . . . . . .	P Near	 00000000 FLAT	Length= 00000000 External STDCALL
CombSortA  . . . . . . . . . . .	P Near	 00000000 FLAT	Length= 00000000 External STDCALL
CombSortD  . . . . . . . . . . .	P Near	 00000000 FLAT	Length= 00000000 External STDCALL
CommConfigDialogA  . . . . . . .	P Near	 00000000 FLAT	Length= 00000000 External STDCALL
CommConfigDialogW  . . . . . . .	P Near	 00000000 FLAT	Length= 00000000 External STDCALL
CompareFileTime  . . . . . . . .	P Near	 00000000 FLAT	Length= 00000000 External STDCALL
CompareStringA . . . . . . . . .	P Near	 00000000 FLAT	Length= 00000000 External STDCALL
CompareStringW . . . . . . . . .	P Near	 00000000 FLAT	Length= 00000000 External STDCALL
ConnectNamedPipe . . . . . . . .	P Near	 00000000 FLAT	Length= 00000000 External STDCALL
ContinueDebugEvent . . . . . . .	P Near	 00000000 FLAT	Length= 00000000 External STDCALL
ConvertDefaultLocale . . . . . .	P Near	 00000000 FLAT	Length= 00000000 External STDCALL
ConvertThreadToFiber . . . . . .	P Near	 00000000 FLAT	Length= 00000000 External STDCALL
CopyFileA  . . . . . . . . . . .	P Near	 00000000 FLAT	Length= 00000000 External STDCALL
CopyFileExA  . . . . . . . . . .	P Near	 00000000 FLAT	Length= 00000000 External STDCALL
CopyFileExW  . . . . . . . . . .	P Near	 00000000 FLAT	Length= 00000000 External STDCALL
CopyFileW  . . . . . . . . . . .	P Near	 00000000 FLAT	Length= 00000000 External STDCALL
CreateConsoleScreenBuffer  . . .	P Near	 00000000 FLAT	Length= 00000000 External STDCALL
CreateDirectoryA . . . . . . . .	P Near	 00000000 FLAT	Length= 00000000 External STDCALL
CreateDirectoryExA . . . . . . .	P Near	 00000000 FLAT	Length= 00000000 External STDCALL
CreateDirectoryExW . . . . . . .	P Near	 00000000 FLAT	Length= 00000000 External STDCALL
CreateDirectoryW . . . . . . . .	P Near	 00000000 FLAT	Length= 00000000 External STDCALL
CreateEventA . . . . . . . . . .	P Near	 00000000 FLAT	Length= 00000000 External STDCALL
CreateEventW . . . . . . . . . .	P Near	 00000000 FLAT	Length= 00000000 External STDCALL
CreateFiber  . . . . . . . . . .	P Near	 00000000 FLAT	Length= 00000000 External STDCALL
CreateFileA  . . . . . . . . . .	P Near	 00000000 FLAT	Length= 00000000 External STDCALL
CreateFileMappingA . . . . . . .	P Near	 00000000 FLAT	Length= 00000000 External STDCALL
CreateFileMappingW . . . . . . .	P Near	 00000000 FLAT	Length= 00000000 External STDCALL
CreateFileW  . . . . . . . . . .	P Near	 00000000 FLAT	Length= 00000000 External STDCALL
CreateHardLinkA  . . . . . . . .	P Near	 00000000 FLAT	Length= 00000000 External STDCALL
CreateHardLinkW  . . . . . . . .	P Near	 00000000 FLAT	Length= 00000000 External STDCALL
CreateIoCompletionPort . . . . .	P Near	 00000000 FLAT	Length= 00000000 External STDCALL
CreateJobObjectA . . . . . . . .	P Near	 00000000 FLAT	Length= 00000000 External STDCALL
CreateJobObjectW . . . . . . . .	P Near	 00000000 FLAT	Length= 00000000 External STDCALL
CreateMMF  . . . . . . . . . . .	P Near	 00000000 FLAT	Length= 00000000 External STDCALL
CreateMailslotA  . . . . . . . .	P Near	 00000000 FLAT	Length= 00000000 External STDCALL
CreateMailslotW  . . . . . . . .	P Near	 00000000 FLAT	Length= 00000000 External STDCALL
CreateMutexA . . . . . . . . . .	P Near	 00000000 FLAT	Length= 00000000 External STDCALL
CreateMutexW . . . . . . . . . .	P Near	 00000000 FLAT	Length= 00000000 External STDCALL
CreateNamedPipeA . . . . . . . .	P Near	 00000000 FLAT	Length= 00000000 External STDCALL
CreateNamedPipeW . . . . . . . .	P Near	 00000000 FLAT	Length= 00000000 External STDCALL
CreatePipe . . . . . . . . . . .	P Near	 00000000 FLAT	Length= 00000000 External STDCALL
CreateProcessA . . . . . . . . .	P Near	 00000000 FLAT	Length= 00000000 External STDCALL
CreateProcessW . . . . . . . . .	P Near	 00000000 FLAT	Length= 00000000 External STDCALL
CreateRemoteThread . . . . . . .	P Near	 00000000 FLAT	Length= 00000000 External STDCALL
CreateSemaphoreA . . . . . . . .	P Near	 00000000 FLAT	Length= 00000000 External STDCALL
CreateSemaphoreW . . . . . . . .	P Near	 00000000 FLAT	Length= 00000000 External STDCALL
CreateTapePartition  . . . . . .	P Near	 00000000 FLAT	Length= 00000000 External STDCALL
CreateThread . . . . . . . . . .	P Near	 00000000 FLAT	Length= 00000000 External STDCALL
CreateTimerQueueTimer  . . . . .	P Near	 00000000 FLAT	Length= 00000000 External STDCALL
CreateTimerQueue . . . . . . . .	P Near	 00000000 FLAT	Length= 00000000 External STDCALL
CreateToolhelp32Snapshot . . . .	P Near	 00000000 FLAT	Length= 00000000 External STDCALL
CreateWaitableTimerA . . . . . .	P Near	 00000000 FLAT	Length= 00000000 External STDCALL
CreateWaitableTimerW . . . . . .	P Near	 00000000 FLAT	Length= 00000000 External STDCALL
DebugActiveProcess . . . . . . .	P Near	 00000000 FLAT	Length= 00000000 External STDCALL
DebugBreak . . . . . . . . . . .	P Near	 00000000 FLAT	Length= 00000000 External STDCALL
DefineDosDeviceA . . . . . . . .	P Near	 00000000 FLAT	Length= 00000000 External STDCALL
DefineDosDeviceW . . . . . . . .	P Near	 00000000 FLAT	Length= 00000000 External STDCALL
DeleteAtom . . . . . . . . . . .	P Near	 00000000 FLAT	Length= 00000000 External STDCALL
DeleteCriticalSection  . . . . .	P Near	 00000000 FLAT	Length= 00000000 External STDCALL
DeleteFiber  . . . . . . . . . .	P Near	 00000000 FLAT	Length= 00000000 External STDCALL
DeleteFileA  . . . . . . . . . .	P Near	 00000000 FLAT	Length= 00000000 External STDCALL
DeleteFileW  . . . . . . . . . .	P Near	 00000000 FLAT	Length= 00000000 External STDCALL
DeleteTimerQueueEx . . . . . . .	P Near	 00000000 FLAT	Length= 00000000 External STDCALL
DeleteTimerQueueTimer  . . . . .	P Near	 00000000 FLAT	Length= 00000000 External STDCALL
DeleteTimerQueue . . . . . . . .	P Near	 00000000 FLAT	Length= 00000000 External STDCALL
DeleteVolumeMountPointA  . . . .	P Near	 00000000 FLAT	Length= 00000000 External STDCALL
DeleteVolumeMountPointW  . . . .	P Near	 00000000 FLAT	Length= 00000000 External STDCALL
DeviceIoControl  . . . . . . . .	P Near	 00000000 FLAT	Length= 00000000 External STDCALL
DisableThreadLibraryCalls  . . .	P Near	 00000000 FLAT	Length= 00000000 External STDCALL
DisconnectNamedPipe  . . . . . .	P Near	 00000000 FLAT	Length= 00000000 External STDCALL
DisplayBmp . . . . . . . . . . .	P Near	 00000000 FLAT	Length= 00000000 External STDCALL
DisplayIcon  . . . . . . . . . .	P Near	 00000000 FLAT	Length= 00000000 External STDCALL
DnsHostnameToComputerNameA . . .	P Near	 00000000 FLAT	Length= 00000000 External STDCALL
DnsHostnameToComputerNameW . . .	P Near	 00000000 FLAT	Length= 00000000 External STDCALL
DosDateTimeToFileTime  . . . . .	P Near	 00000000 FLAT	Length= 00000000 External STDCALL
DuplicateHandle  . . . . . . . .	P Near	 00000000 FLAT	Length= 00000000 External STDCALL
EndUpdateResourceA . . . . . . .	P Near	 00000000 FLAT	Length= 00000000 External STDCALL
EndUpdateResourceW . . . . . . .	P Near	 00000000 FLAT	Length= 00000000 External STDCALL
EnterCriticalSection . . . . . .	P Near	 00000000 FLAT	Length= 00000000 External STDCALL
EnumCalendarInfoA  . . . . . . .	P Near	 00000000 FLAT	Length= 00000000 External STDCALL
EnumCalendarInfoExA  . . . . . .	P Near	 00000000 FLAT	Length= 00000000 External STDCALL
EnumCalendarInfoExW  . . . . . .	P Near	 00000000 FLAT	Length= 00000000 External STDCALL
EnumCalendarInfoW  . . . . . . .	P Near	 00000000 FLAT	Length= 00000000 External STDCALL
EnumDateFormatsA . . . . . . . .	P Near	 00000000 FLAT	Length= 00000000 External STDCALL
EnumDateFormatsExA . . . . . . .	P Near	 00000000 FLAT	Length= 00000000 External STDCALL
EnumDateFormatsExW . . . . . . .	P Near	 00000000 FLAT	Length= 00000000 External STDCALL
EnumDateFormatsW . . . . . . . .	P Near	 00000000 FLAT	Length= 00000000 External STDCALL
EnumLanguageGroupLocalesA  . . .	P Near	 00000000 FLAT	Length= 00000000 External STDCALL
EnumLanguageGroupLocalesW  . . .	P Near	 00000000 FLAT	Length= 00000000 External STDCALL
EnumResourceLanguagesA . . . . .	P Near	 00000000 FLAT	Length= 00000000 External STDCALL
EnumResourceLanguagesW . . . . .	P Near	 00000000 FLAT	Length= 00000000 External STDCALL
EnumResourceNamesA . . . . . . .	P Near	 00000000 FLAT	Length= 00000000 External STDCALL
EnumResourceNamesW . . . . . . .	P Near	 00000000 FLAT	Length= 00000000 External STDCALL
EnumResourceTypesA . . . . . . .	P Near	 00000000 FLAT	Length= 00000000 External STDCALL
EnumResourceTypesW . . . . . . .	P Near	 00000000 FLAT	Length= 00000000 External STDCALL
EnumSystemCodePagesA . . . . . .	P Near	 00000000 FLAT	Length= 00000000 External STDCALL
EnumSystemCodePagesW . . . . . .	P Near	 00000000 FLAT	Length= 00000000 External STDCALL
EnumSystemLanguageGroupsA  . . .	P Near	 00000000 FLAT	Length= 00000000 External STDCALL
EnumSystemLanguageGroupsW  . . .	P Near	 00000000 FLAT	Length= 00000000 External STDCALL
EnumSystemLocalesA . . . . . . .	P Near	 00000000 FLAT	Length= 00000000 External STDCALL
EnumSystemLocalesW . . . . . . .	P Near	 00000000 FLAT	Length= 00000000 External STDCALL
EnumTimeFormatsA . . . . . . . .	P Near	 00000000 FLAT	Length= 00000000 External STDCALL
EnumTimeFormatsW . . . . . . . .	P Near	 00000000 FLAT	Length= 00000000 External STDCALL
EnumUILanguagesA . . . . . . . .	P Near	 00000000 FLAT	Length= 00000000 External STDCALL
EnumUILanguagesW . . . . . . . .	P Near	 00000000 FLAT	Length= 00000000 External STDCALL
EraseTape  . . . . . . . . . . .	P Near	 00000000 FLAT	Length= 00000000 External STDCALL
EscapeCommFunction . . . . . . .	P Near	 00000000 FLAT	Length= 00000000 External STDCALL
ExitProcess  . . . . . . . . . .	P Near	 00000000 FLAT	Length= 00000000 External STDCALL
ExitThread . . . . . . . . . . .	P Near	 00000000 FLAT	Length= 00000000 External STDCALL
ExpandEnvironmentStringsA  . . .	P Near	 00000000 FLAT	Length= 00000000 External STDCALL
ExpandEnvironmentStringsW  . . .	P Near	 00000000 FLAT	Length= 00000000 External STDCALL
FatalAppExitA  . . . . . . . . .	P Near	 00000000 FLAT	Length= 00000000 External STDCALL
FatalAppExitW  . . . . . . . . .	P Near	 00000000 FLAT	Length= 00000000 External STDCALL
FatalExit  . . . . . . . . . . .	P Near	 00000000 FLAT	Length= 00000000 External STDCALL
FileTimeToDosDateTime  . . . . .	P Near	 00000000 FLAT	Length= 00000000 External STDCALL
FileTimeToLocalFileTime  . . . .	P Near	 00000000 FLAT	Length= 00000000 External STDCALL
FileTimeToSystemTime . . . . . .	P Near	 00000000 FLAT	Length= 00000000 External STDCALL
FillConsoleOutputAttribute . . .	P Near	 00000000 FLAT	Length= 00000000 External STDCALL
FillConsoleOutputCharacterA  . .	P Near	 00000000 FLAT	Length= 00000000 External STDCALL
FillConsoleOutputCharacterW  . .	P Near	 00000000 FLAT	Length= 00000000 External STDCALL
FindAtomA  . . . . . . . . . . .	P Near	 00000000 FLAT	Length= 00000000 External STDCALL
FindAtomW  . . . . . . . . . . .	P Near	 00000000 FLAT	Length= 00000000 External STDCALL
FindCloseChangeNotification  . .	P Near	 00000000 FLAT	Length= 00000000 External STDCALL
FindClose  . . . . . . . . . . .	P Near	 00000000 FLAT	Length= 00000000 External STDCALL
FindFirstChangeNotificationA . .	P Near	 00000000 FLAT	Length= 00000000 External STDCALL
FindFirstChangeNotificationW . .	P Near	 00000000 FLAT	Length= 00000000 External STDCALL
FindFirstFileA . . . . . . . . .	P Near	 00000000 FLAT	Length= 00000000 External STDCALL
FindFirstFileExA . . . . . . . .	P Near	 00000000 FLAT	Length= 00000000 External STDCALL
FindFirstFileExW . . . . . . . .	P Near	 00000000 FLAT	Length= 00000000 External STDCALL
FindFirstFileW . . . . . . . . .	P Near	 00000000 FLAT	Length= 00000000 External STDCALL
FindFirstVolumeA . . . . . . . .	P Near	 00000000 FLAT	Length= 00000000 External STDCALL
FindFirstVolumeMountPointA . . .	P Near	 00000000 FLAT	Length= 00000000 External STDCALL
FindFirstVolumeMountPointW . . .	P Near	 00000000 FLAT	Length= 00000000 External STDCALL
FindFirstVolumeW . . . . . . . .	P Near	 00000000 FLAT	Length= 00000000 External STDCALL
FindNextChangeNotification . . .	P Near	 00000000 FLAT	Length= 00000000 External STDCALL
FindNextFileA  . . . . . . . . .	P Near	 00000000 FLAT	Length= 00000000 External STDCALL
FindNextFileW  . . . . . . . . .	P Near	 00000000 FLAT	Length= 00000000 External STDCALL
FindNextVolumeA  . . . . . . . .	P Near	 00000000 FLAT	Length= 00000000 External STDCALL
FindNextVolumeMountPointA  . . .	P Near	 00000000 FLAT	Length= 00000000 External STDCALL
FindNextVolumeMountPointW  . . .	P Near	 00000000 FLAT	Length= 00000000 External STDCALL
FindNextVolumeW  . . . . . . . .	P Near	 00000000 FLAT	Length= 00000000 External STDCALL
FindResourceA  . . . . . . . . .	P Near	 00000000 FLAT	Length= 00000000 External STDCALL
FindResourceExA  . . . . . . . .	P Near	 00000000 FLAT	Length= 00000000 External STDCALL
FindResourceExW  . . . . . . . .	P Near	 00000000 FLAT	Length= 00000000 External STDCALL
FindResourceW  . . . . . . . . .	P Near	 00000000 FLAT	Length= 00000000 External STDCALL
FindVolumeClose  . . . . . . . .	P Near	 00000000 FLAT	Length= 00000000 External STDCALL
FindVolumeMountPointClose  . . .	P Near	 00000000 FLAT	Length= 00000000 External STDCALL
FloatToStr2  . . . . . . . . . .	P Near	 00000000 FLAT	Length= 00000000 External STDCALL
FloatToStr . . . . . . . . . . .	P Near	 00000000 FLAT	Length= 00000000 External STDCALL
FlushConsoleInputBuffer  . . . .	P Near	 00000000 FLAT	Length= 00000000 External STDCALL
FlushFileBuffers . . . . . . . .	P Near	 00000000 FLAT	Length= 00000000 External STDCALL
FlushInstructionCache  . . . . .	P Near	 00000000 FLAT	Length= 00000000 External STDCALL
FlushViewOfFile  . . . . . . . .	P Near	 00000000 FLAT	Length= 00000000 External STDCALL
FoldStringA  . . . . . . . . . .	P Near	 00000000 FLAT	Length= 00000000 External STDCALL
FoldStringW  . . . . . . . . . .	P Near	 00000000 FLAT	Length= 00000000 External STDCALL
FontDialog . . . . . . . . . . .	P Near	 00000000 FLAT	Length= 00000000 External STDCALL
FormatMessageA . . . . . . . . .	P Near	 00000000 FLAT	Length= 00000000 External STDCALL
FormatMessageW . . . . . . . . .	P Near	 00000000 FLAT	Length= 00000000 External STDCALL
Frame3D  . . . . . . . . . . . .	P Near	 00000000 FLAT	Length= 00000000 External STDCALL
FrameCtrl  . . . . . . . . . . .	P Near	 00000000 FLAT	Length= 00000000 External STDCALL
FrameGrp . . . . . . . . . . . .	P Near	 00000000 FLAT	Length= 00000000 External STDCALL
FrameWindow  . . . . . . . . . .	P Near	 00000000 FLAT	Length= 00000000 External STDCALL
FreeConsole  . . . . . . . . . .	P Near	 00000000 FLAT	Length= 00000000 External STDCALL
FreeEnvironmentStringsA  . . . .	P Near	 00000000 FLAT	Length= 00000000 External STDCALL
FreeEnvironmentStringsW  . . . .	P Near	 00000000 FLAT	Length= 00000000 External STDCALL
FreeLibraryAndExitThread . . . .	P Near	 00000000 FLAT	Length= 00000000 External STDCALL
FreeLibrary  . . . . . . . . . .	P Near	 00000000 FLAT	Length= 00000000 External STDCALL
FreeResource . . . . . . . . . .	P Near	 00000000 FLAT	Length= 00000000 External STDCALL
FreeUserPhysicalPages  . . . . .	P Near	 00000000 FLAT	Length= 00000000 External STDCALL
Free . . . . . . . . . . . . . .	P Near	 00000000 FLAT	Length= 00000000 External STDCALL
GenerateConsoleCtrlEvent . . . .	P Near	 00000000 FLAT	Length= 00000000 External STDCALL
GetACP . . . . . . . . . . . . .	P Near	 00000000 FLAT	Length= 00000000 External STDCALL
GetAppPath . . . . . . . . . . .	P Near	 00000000 FLAT	Length= 00000000 External STDCALL
GetAtomNameA . . . . . . . . . .	P Near	 00000000 FLAT	Length= 00000000 External STDCALL
GetAtomNameW . . . . . . . . . .	P Near	 00000000 FLAT	Length= 00000000 External STDCALL
GetBinaryTypeA . . . . . . . . .	P Near	 00000000 FLAT	Length= 00000000 External STDCALL
GetBinaryTypeW . . . . . . . . .	P Near	 00000000 FLAT	Length= 00000000 External STDCALL
GetCL  . . . . . . . . . . . . .	P Near	 00000000 FLAT	Length= 00000000 External STDCALL
GetCPInfoExA . . . . . . . . . .	P Near	 00000000 FLAT	Length= 00000000 External STDCALL
GetCPInfoExW . . . . . . . . . .	P Near	 00000000 FLAT	Length= 00000000 External STDCALL
GetCPInfo  . . . . . . . . . . .	P Near	 00000000 FLAT	Length= 00000000 External STDCALL
GetCalendarInfoA . . . . . . . .	P Near	 00000000 FLAT	Length= 00000000 External STDCALL
GetCalendarInfoW . . . . . . . .	P Near	 00000000 FLAT	Length= 00000000 External STDCALL
GetCommConfig  . . . . . . . . .	P Near	 00000000 FLAT	Length= 00000000 External STDCALL
GetCommMask  . . . . . . . . . .	P Near	 00000000 FLAT	Length= 00000000 External STDCALL
GetCommModemStatus . . . . . . .	P Near	 00000000 FLAT	Length= 00000000 External STDCALL
GetCommProperties  . . . . . . .	P Near	 00000000 FLAT	Length= 00000000 External STDCALL
GetCommState . . . . . . . . . .	P Near	 00000000 FLAT	Length= 00000000 External STDCALL
GetCommTimeouts  . . . . . . . .	P Near	 00000000 FLAT	Length= 00000000 External STDCALL
GetCommandLineA  . . . . . . . .	P Near	 00000000 FLAT	Length= 00000000 External STDCALL
GetCommandLineW  . . . . . . . .	P Near	 00000000 FLAT	Length= 00000000 External STDCALL
GetCompressedFileSizeA . . . . .	P Near	 00000000 FLAT	Length= 00000000 External STDCALL
GetCompressedFileSizeW . . . . .	P Near	 00000000 FLAT	Length= 00000000 External STDCALL
GetComputerNameA . . . . . . . .	P Near	 00000000 FLAT	Length= 00000000 External STDCALL
GetComputerNameExA . . . . . . .	P Near	 00000000 FLAT	Length= 00000000 External STDCALL
GetComputerNameExW . . . . . . .	P Near	 00000000 FLAT	Length= 00000000 External STDCALL
GetComputerNameW . . . . . . . .	P Near	 00000000 FLAT	Length= 00000000 External STDCALL
GetConsoleCP . . . . . . . . . .	P Near	 00000000 FLAT	Length= 00000000 External STDCALL
GetConsoleCursorInfo . . . . . .	P Near	 00000000 FLAT	Length= 00000000 External STDCALL
GetConsoleMode . . . . . . . . .	P Near	 00000000 FLAT	Length= 00000000 External STDCALL
GetConsoleOutputCP . . . . . . .	P Near	 00000000 FLAT	Length= 00000000 External STDCALL
GetConsoleScreenBufferInfo . . .	P Near	 00000000 FLAT	Length= 00000000 External STDCALL
GetConsoleTitleA . . . . . . . .	P Near	 00000000 FLAT	Length= 00000000 External STDCALL
GetConsoleTitleW . . . . . . . .	P Near	 00000000 FLAT	Length= 00000000 External STDCALL
GetCurrencyFormatA . . . . . . .	P Near	 00000000 FLAT	Length= 00000000 External STDCALL
GetCurrencyFormatW . . . . . . .	P Near	 00000000 FLAT	Length= 00000000 External STDCALL
GetCurrentDirectoryA . . . . . .	P Near	 00000000 FLAT	Length= 00000000 External STDCALL
GetCurrentDirectoryW . . . . . .	P Near	 00000000 FLAT	Length= 00000000 External STDCALL
GetCurrentProcessId  . . . . . .	P Near	 00000000 FLAT	Length= 00000000 External STDCALL
GetCurrentProcess  . . . . . . .	P Near	 00000000 FLAT	Length= 00000000 External STDCALL
GetCurrentThreadId . . . . . . .	P Near	 00000000 FLAT	Length= 00000000 External STDCALL
GetCurrentThread . . . . . . . .	P Near	 00000000 FLAT	Length= 00000000 External STDCALL
GetDateFormatA . . . . . . . . .	P Near	 00000000 FLAT	Length= 00000000 External STDCALL
GetDateFormatW . . . . . . . . .	P Near	 00000000 FLAT	Length= 00000000 External STDCALL
GetDefaultCommConfigA  . . . . .	P Near	 00000000 FLAT	Length= 00000000 External STDCALL
GetDefaultCommConfigW  . . . . .	P Near	 00000000 FLAT	Length= 00000000 External STDCALL
GetDevicePowerState  . . . . . .	P Near	 00000000 FLAT	Length= 00000000 External STDCALL
GetDiskFreeSpaceA  . . . . . . .	P Near	 00000000 FLAT	Length= 00000000 External STDCALL
GetDiskFreeSpaceExA  . . . . . .	P Near	 00000000 FLAT	Length= 00000000 External STDCALL
GetDiskFreeSpaceExW  . . . . . .	P Near	 00000000 FLAT	Length= 00000000 External STDCALL
GetDiskFreeSpaceW  . . . . . . .	P Near	 00000000 FLAT	Length= 00000000 External STDCALL
GetDriveTypeA  . . . . . . . . .	P Near	 00000000 FLAT	Length= 00000000 External STDCALL
GetDriveTypeW  . . . . . . . . .	P Near	 00000000 FLAT	Length= 00000000 External STDCALL
GetEnvironmentStringsA . . . . .	P Near	 00000000 FLAT	Length= 00000000 External STDCALL
GetEnvironmentStringsW . . . . .	P Near	 00000000 FLAT	Length= 00000000 External STDCALL
GetEnvironmentVariableA  . . . .	P Near	 00000000 FLAT	Length= 00000000 External STDCALL
GetEnvironmentVariableW  . . . .	P Near	 00000000 FLAT	Length= 00000000 External STDCALL
GetErrDescription  . . . . . . .	P Near	 00000000 FLAT	Length= 00000000 External STDCALL
GetExitCodeProcess . . . . . . .	P Near	 00000000 FLAT	Length= 00000000 External STDCALL
GetExitCodeThread  . . . . . . .	P Near	 00000000 FLAT	Length= 00000000 External STDCALL
GetFileAttributesA . . . . . . .	P Near	 00000000 FLAT	Length= 00000000 External STDCALL
GetFileAttributesExA . . . . . .	P Near	 00000000 FLAT	Length= 00000000 External STDCALL
GetFileAttributesExW . . . . . .	P Near	 00000000 FLAT	Length= 00000000 External STDCALL
GetFileAttributesW . . . . . . .	P Near	 00000000 FLAT	Length= 00000000 External STDCALL
GetFileInformationByHandle . . .	P Near	 00000000 FLAT	Length= 00000000 External STDCALL
GetFileSizeEx  . . . . . . . . .	P Near	 00000000 FLAT	Length= 00000000 External STDCALL
GetFileSize  . . . . . . . . . .	P Near	 00000000 FLAT	Length= 00000000 External STDCALL
GetFileTime  . . . . . . . . . .	P Near	 00000000 FLAT	Length= 00000000 External STDCALL
GetFileType  . . . . . . . . . .	P Near	 00000000 FLAT	Length= 00000000 External STDCALL
GetFile  . . . . . . . . . . . .	P Near	 00000000 FLAT	Length= 00000000 External STDCALL
GetFullPathNameA . . . . . . . .	P Near	 00000000 FLAT	Length= 00000000 External STDCALL
GetFullPathNameW . . . . . . . .	P Near	 00000000 FLAT	Length= 00000000 External STDCALL
GetHandleInformation . . . . . .	P Near	 00000000 FLAT	Length= 00000000 External STDCALL
GetIP  . . . . . . . . . . . . .	P Near	 00000000 FLAT	Length= 00000000 External STDCALL
GetLargestConsoleWindowSize  . .	P Near	 00000000 FLAT	Length= 00000000 External STDCALL
GetLastError . . . . . . . . . .	P Near	 00000000 FLAT	Length= 00000000 External STDCALL
GetLocalTime . . . . . . . . . .	P Near	 00000000 FLAT	Length= 00000000 External STDCALL
GetLocaleInfoA . . . . . . . . .	P Near	 00000000 FLAT	Length= 00000000 External STDCALL
GetLocaleInfoW . . . . . . . . .	P Near	 00000000 FLAT	Length= 00000000 External STDCALL
GetLogicalDriveStringsA  . . . .	P Near	 00000000 FLAT	Length= 00000000 External STDCALL
GetLogicalDriveStringsW  . . . .	P Near	 00000000 FLAT	Length= 00000000 External STDCALL
GetLogicalDrives . . . . . . . .	P Near	 00000000 FLAT	Length= 00000000 External STDCALL
GetLongPathNameA . . . . . . . .	P Near	 00000000 FLAT	Length= 00000000 External STDCALL
GetLongPathNameW . . . . . . . .	P Near	 00000000 FLAT	Length= 00000000 External STDCALL
GetMailslotInfo  . . . . . . . .	P Near	 00000000 FLAT	Length= 00000000 External STDCALL
GetModuleFileNameA . . . . . . .	P Near	 00000000 FLAT	Length= 00000000 External STDCALL
GetModuleFileNameW . . . . . . .	P Near	 00000000 FLAT	Length= 00000000 External STDCALL
GetModuleHandleA . . . . . . . .	P Near	 00000000 FLAT	Length= 00000000 External STDCALL
GetModuleHandleW . . . . . . . .	P Near	 00000000 FLAT	Length= 00000000 External STDCALL
GetNamedPipeHandleStateA . . . .	P Near	 00000000 FLAT	Length= 00000000 External STDCALL
GetNamedPipeHandleStateW . . . .	P Near	 00000000 FLAT	Length= 00000000 External STDCALL
GetNamedPipeInfo . . . . . . . .	P Near	 00000000 FLAT	Length= 00000000 External STDCALL
GetNumData . . . . . . . . . . .	P Far	 00000000 _TEXT	Length= 0000013B Public STDCALL
GetNumberFormatA . . . . . . . .	P Near	 00000000 FLAT	Length= 00000000 External STDCALL
GetNumberFormatW . . . . . . . .	P Near	 00000000 FLAT	Length= 00000000 External STDCALL
GetNumberOfConsoleInputEvents  .	P Near	 00000000 FLAT	Length= 00000000 External STDCALL
GetNumberOfConsoleMouseButtons .	P Near	 00000000 FLAT	Length= 00000000 External STDCALL
GetOEMCP . . . . . . . . . . . .	P Near	 00000000 FLAT	Length= 00000000 External STDCALL
GetOverlappedResult  . . . . . .	P Near	 00000000 FLAT	Length= 00000000 External STDCALL
GetPathOnly  . . . . . . . . . .	P Near	 00000000 FLAT	Length= 00000000 External STDCALL
GetPercent . . . . . . . . . . .	P Near	 00000000 FLAT	Length= 00000000 External STDCALL
GetPriorityClass . . . . . . . .	P Near	 00000000 FLAT	Length= 00000000 External STDCALL
GetPrivateProfileIntA  . . . . .	P Near	 00000000 FLAT	Length= 00000000 External STDCALL
GetPrivateProfileIntW  . . . . .	P Near	 00000000 FLAT	Length= 00000000 External STDCALL
GetPrivateProfileSectionA  . . .	P Near	 00000000 FLAT	Length= 00000000 External STDCALL
GetPrivateProfileSectionNamesA .	P Near	 00000000 FLAT	Length= 00000000 External STDCALL
GetPrivateProfileSectionNamesW .	P Near	 00000000 FLAT	Length= 00000000 External STDCALL
GetPrivateProfileSectionW  . . .	P Near	 00000000 FLAT	Length= 00000000 External STDCALL
GetPrivateProfileStringA . . . .	P Near	 00000000 FLAT	Length= 00000000 External STDCALL
GetPrivateProfileStringW . . . .	P Near	 00000000 FLAT	Length= 00000000 External STDCALL
GetPrivateProfileStructA . . . .	P Near	 00000000 FLAT	Length= 00000000 External STDCALL
GetPrivateProfileStructW . . . .	P Near	 00000000 FLAT	Length= 00000000 External STDCALL
GetProcAddress . . . . . . . . .	P Near	 00000000 FLAT	Length= 00000000 External STDCALL
GetProcessAffinityMask . . . . .	P Near	 00000000 FLAT	Length= 00000000 External STDCALL
GetProcessHeaps  . . . . . . . .	P Near	 00000000 FLAT	Length= 00000000 External STDCALL
GetProcessHeap . . . . . . . . .	P Near	 00000000 FLAT	Length= 00000000 External STDCALL
GetProcessIoCounters . . . . . .	P Near	 00000000 FLAT	Length= 00000000 External STDCALL
GetProcessPriorityBoost  . . . .	P Near	 00000000 FLAT	Length= 00000000 External STDCALL
GetProcessShutdownParameters . .	P Near	 00000000 FLAT	Length= 00000000 External STDCALL
GetProcessTimes  . . . . . . . .	P Near	 00000000 FLAT	Length= 00000000 External STDCALL
GetProcessVersion  . . . . . . .	P Near	 00000000 FLAT	Length= 00000000 External STDCALL
GetProcessWorkingSetSize . . . .	P Near	 00000000 FLAT	Length= 00000000 External STDCALL
GetProfileIntA . . . . . . . . .	P Near	 00000000 FLAT	Length= 00000000 External STDCALL
GetProfileIntW . . . . . . . . .	P Near	 00000000 FLAT	Length= 00000000 External STDCALL
GetProfileSectionA . . . . . . .	P Near	 00000000 FLAT	Length= 00000000 External STDCALL
GetProfileSectionW . . . . . . .	P Near	 00000000 FLAT	Length= 00000000 External STDCALL
GetProfileStringA  . . . . . . .	P Near	 00000000 FLAT	Length= 00000000 External STDCALL
GetProfileStringW  . . . . . . .	P Near	 00000000 FLAT	Length= 00000000 External STDCALL
GetQueuedCompletionStatus  . . .	P Near	 00000000 FLAT	Length= 00000000 External STDCALL
GetShortPathNameA  . . . . . . .	P Near	 00000000 FLAT	Length= 00000000 External STDCALL
GetShortPathNameW  . . . . . . .	P Near	 00000000 FLAT	Length= 00000000 External STDCALL
GetStartupInfoA  . . . . . . . .	P Near	 00000000 FLAT	Length= 00000000 External STDCALL
GetStartupInfoW  . . . . . . . .	P Near	 00000000 FLAT	Length= 00000000 External STDCALL
GetStdHandle . . . . . . . . . .	P Near	 00000000 FLAT	Length= 00000000 External STDCALL
GetStringTypeA . . . . . . . . .	P Near	 00000000 FLAT	Length= 00000000 External STDCALL
GetStringTypeExA . . . . . . . .	P Near	 00000000 FLAT	Length= 00000000 External STDCALL
GetStringTypeExW . . . . . . . .	P Near	 00000000 FLAT	Length= 00000000 External STDCALL
GetStringTypeW . . . . . . . . .	P Near	 00000000 FLAT	Length= 00000000 External STDCALL
GetSystemDefaultLCID . . . . . .	P Near	 00000000 FLAT	Length= 00000000 External STDCALL
GetSystemDefaultLangID . . . . .	P Near	 00000000 FLAT	Length= 00000000 External STDCALL
GetSystemDefaultUILanguage . . .	P Near	 00000000 FLAT	Length= 00000000 External STDCALL
GetSystemDirectoryA  . . . . . .	P Near	 00000000 FLAT	Length= 00000000 External STDCALL
GetSystemDirectoryW  . . . . . .	P Near	 00000000 FLAT	Length= 00000000 External STDCALL
GetSystemInfo  . . . . . . . . .	P Near	 00000000 FLAT	Length= 00000000 External STDCALL
GetSystemPowerStatus . . . . . .	P Near	 00000000 FLAT	Length= 00000000 External STDCALL
GetSystemTimeAdjustment  . . . .	P Near	 00000000 FLAT	Length= 00000000 External STDCALL
GetSystemTimeAsFileTime  . . . .	P Near	 00000000 FLAT	Length= 00000000 External STDCALL
GetSystemTime  . . . . . . . . .	P Near	 00000000 FLAT	Length= 00000000 External STDCALL
GetSystemWindowsDirectoryA . . .	P Near	 00000000 FLAT	Length= 00000000 External STDCALL
GetSystemWindowsDirectoryW . . .	P Near	 00000000 FLAT	Length= 00000000 External STDCALL
GetTapeParameters  . . . . . . .	P Near	 00000000 FLAT	Length= 00000000 External STDCALL
GetTapePosition  . . . . . . . .	P Near	 00000000 FLAT	Length= 00000000 External STDCALL
GetTapeStatus  . . . . . . . . .	P Near	 00000000 FLAT	Length= 00000000 External STDCALL
GetTempFileNameA . . . . . . . .	P Near	 00000000 FLAT	Length= 00000000 External STDCALL
GetTempFileNameW . . . . . . . .	P Near	 00000000 FLAT	Length= 00000000 External STDCALL
GetTempPathA . . . . . . . . . .	P Near	 00000000 FLAT	Length= 00000000 External STDCALL
GetTempPathW . . . . . . . . . .	P Near	 00000000 FLAT	Length= 00000000 External STDCALL
GetTextInput . . . . . . . . . .	P Near	 00000000 FLAT	Length= 00000000 External STDCALL
GetThreadContext . . . . . . . .	P Near	 00000000 FLAT	Length= 00000000 External STDCALL
GetThreadLocale  . . . . . . . .	P Near	 00000000 FLAT	Length= 00000000 External STDCALL
GetThreadPriorityBoost . . . . .	P Near	 00000000 FLAT	Length= 00000000 External STDCALL
GetThreadPriority  . . . . . . .	P Near	 00000000 FLAT	Length= 00000000 External STDCALL
GetThreadSelectorEntry . . . . .	P Near	 00000000 FLAT	Length= 00000000 External STDCALL
GetThreadTimes . . . . . . . . .	P Near	 00000000 FLAT	Length= 00000000 External STDCALL
GetTickCount . . . . . . . . . .	P Near	 00000000 FLAT	Length= 00000000 External STDCALL
GetTimeFormatA . . . . . . . . .	P Near	 00000000 FLAT	Length= 00000000 External STDCALL
GetTimeFormatW . . . . . . . . .	P Near	 00000000 FLAT	Length= 00000000 External STDCALL
GetTimeZoneInformation . . . . .	P Near	 00000000 FLAT	Length= 00000000 External STDCALL
GetUserDefaultLCID . . . . . . .	P Near	 00000000 FLAT	Length= 00000000 External STDCALL
GetUserDefaultLangID . . . . . .	P Near	 00000000 FLAT	Length= 00000000 External STDCALL
GetUserDefaultUILanguage . . . .	P Near	 00000000 FLAT	Length= 00000000 External STDCALL
GetVersionExA  . . . . . . . . .	P Near	 00000000 FLAT	Length= 00000000 External STDCALL
GetVersionExW  . . . . . . . . .	P Near	 00000000 FLAT	Length= 00000000 External STDCALL
GetVersion . . . . . . . . . . .	P Near	 00000000 FLAT	Length= 00000000 External STDCALL
GetVolumeInformationA  . . . . .	P Near	 00000000 FLAT	Length= 00000000 External STDCALL
GetVolumeInformationW  . . . . .	P Near	 00000000 FLAT	Length= 00000000 External STDCALL
GetVolumeNameForVolumeMountPointA 	P Near	 00000000 FLAT	Length= 00000000 External STDCALL
GetVolumeNameForVolumeMountPointW 	P Near	 00000000 FLAT	Length= 00000000 External STDCALL
GetVolumePathNameA . . . . . . .	P Near	 00000000 FLAT	Length= 00000000 External STDCALL
GetVolumePathNameW . . . . . . .	P Near	 00000000 FLAT	Length= 00000000 External STDCALL
GetWindowsDirectoryA . . . . . .	P Near	 00000000 FLAT	Length= 00000000 External STDCALL
GetWindowsDirectoryW . . . . . .	P Near	 00000000 FLAT	Length= 00000000 External STDCALL
GetWriteWatch  . . . . . . . . .	P Near	 00000000 FLAT	Length= 00000000 External STDCALL
GlobalAddAtomA . . . . . . . . .	P Near	 00000000 FLAT	Length= 00000000 External STDCALL
GlobalAddAtomW . . . . . . . . .	P Near	 00000000 FLAT	Length= 00000000 External STDCALL
GlobalAlloc  . . . . . . . . . .	P Near	 00000000 FLAT	Length= 00000000 External STDCALL
GlobalCompact  . . . . . . . . .	P Near	 00000000 FLAT	Length= 00000000 External STDCALL
GlobalDeleteAtom . . . . . . . .	P Near	 00000000 FLAT	Length= 00000000 External STDCALL
GlobalFindAtomA  . . . . . . . .	P Near	 00000000 FLAT	Length= 00000000 External STDCALL
GlobalFindAtomW  . . . . . . . .	P Near	 00000000 FLAT	Length= 00000000 External STDCALL
GlobalFix  . . . . . . . . . . .	P Near	 00000000 FLAT	Length= 00000000 External STDCALL
GlobalFlags  . . . . . . . . . .	P Near	 00000000 FLAT	Length= 00000000 External STDCALL
GlobalFree . . . . . . . . . . .	P Near	 00000000 FLAT	Length= 00000000 External STDCALL
GlobalGetAtomNameA . . . . . . .	P Near	 00000000 FLAT	Length= 00000000 External STDCALL
GlobalGetAtomNameW . . . . . . .	P Near	 00000000 FLAT	Length= 00000000 External STDCALL
GlobalHandle . . . . . . . . . .	P Near	 00000000 FLAT	Length= 00000000 External STDCALL
GlobalLock . . . . . . . . . . .	P Near	 00000000 FLAT	Length= 00000000 External STDCALL
GlobalMemoryStatusEx . . . . . .	P Near	 00000000 FLAT	Length= 00000000 External STDCALL
GlobalMemoryStatus . . . . . . .	P Near	 00000000 FLAT	Length= 00000000 External STDCALL
GlobalReAlloc  . . . . . . . . .	P Near	 00000000 FLAT	Length= 00000000 External STDCALL
GlobalSize . . . . . . . . . . .	P Near	 00000000 FLAT	Length= 00000000 External STDCALL
GlobalUnWire . . . . . . . . . .	P Near	 00000000 FLAT	Length= 00000000 External STDCALL
GlobalUnfix  . . . . . . . . . .	P Near	 00000000 FLAT	Length= 00000000 External STDCALL
GlobalUnlock . . . . . . . . . .	P Near	 00000000 FLAT	Length= 00000000 External STDCALL
GlobalWire . . . . . . . . . . .	P Near	 00000000 FLAT	Length= 00000000 External STDCALL
Heap32First  . . . . . . . . . .	P Near	 00000000 FLAT	Length= 00000000 External STDCALL
Heap32ListFirst  . . . . . . . .	P Near	 00000000 FLAT	Length= 00000000 External STDCALL
Heap32ListNext . . . . . . . . .	P Near	 00000000 FLAT	Length= 00000000 External STDCALL
Heap32Next . . . . . . . . . . .	P Near	 00000000 FLAT	Length= 00000000 External STDCALL
HeapAlloc  . . . . . . . . . . .	P Near	 00000000 FLAT	Length= 00000000 External STDCALL
HeapCompact  . . . . . . . . . .	P Near	 00000000 FLAT	Length= 00000000 External STDCALL
HeapCreate . . . . . . . . . . .	P Near	 00000000 FLAT	Length= 00000000 External STDCALL
HeapDestroy  . . . . . . . . . .	P Near	 00000000 FLAT	Length= 00000000 External STDCALL
HeapFree . . . . . . . . . . . .	P Near	 00000000 FLAT	Length= 00000000 External STDCALL
HeapLock . . . . . . . . . . . .	P Near	 00000000 FLAT	Length= 00000000 External STDCALL
HeapReAlloc  . . . . . . . . . .	P Near	 00000000 FLAT	Length= 00000000 External STDCALL
HeapSize . . . . . . . . . . . .	P Near	 00000000 FLAT	Length= 00000000 External STDCALL
HeapUnlock . . . . . . . . . . .	P Near	 00000000 FLAT	Length= 00000000 External STDCALL
HeapValidate . . . . . . . . . .	P Near	 00000000 FLAT	Length= 00000000 External STDCALL
HeapWalk . . . . . . . . . . . .	P Near	 00000000 FLAT	Length= 00000000 External STDCALL
HexDump  . . . . . . . . . . . .	P Near	 00000000 FLAT	Length= 00000000 External STDCALL
IPtoString . . . . . . . . . . .	P Near	 00000000 FLAT	Length= 00000000 External STDCALL
InString . . . . . . . . . . . .	P Near	 00000000 FLAT	Length= 00000000 External STDCALL
InitAtomTable  . . . . . . . . .	P Near	 00000000 FLAT	Length= 00000000 External STDCALL
InitializeCriticalSectionAndSpinCount 	P Near	 00000000 FLAT	Length= 00000000 External STDCALL
InitializeCriticalSection  . . .	P Near	 00000000 FLAT	Length= 00000000 External STDCALL
IntDiv . . . . . . . . . . . . .	P Near	 00000000 FLAT	Length= 00000000 External STDCALL
IntMul . . . . . . . . . . . . .	P Near	 00000000 FLAT	Length= 00000000 External STDCALL
IntSqrt  . . . . . . . . . . . .	P Near	 00000000 FLAT	Length= 00000000 External STDCALL
InterlockedCompareExchange . . .	P Near	 00000000 FLAT	Length= 00000000 External STDCALL
InterlockedDecrement . . . . . .	P Near	 00000000 FLAT	Length= 00000000 External STDCALL
InterlockedExchangeAdd . . . . .	P Near	 00000000 FLAT	Length= 00000000 External STDCALL
InterlockedExchange  . . . . . .	P Near	 00000000 FLAT	Length= 00000000 External STDCALL
InterlockedIncrement . . . . . .	P Near	 00000000 FLAT	Length= 00000000 External STDCALL
IsBadCodePtr . . . . . . . . . .	P Near	 00000000 FLAT	Length= 00000000 External STDCALL
IsBadHugeReadPtr . . . . . . . .	P Near	 00000000 FLAT	Length= 00000000 External STDCALL
IsBadHugeWritePtr  . . . . . . .	P Near	 00000000 FLAT	Length= 00000000 External STDCALL
IsBadReadPtr . . . . . . . . . .	P Near	 00000000 FLAT	Length= 00000000 External STDCALL
IsBadStringPtrA  . . . . . . . .	P Near	 00000000 FLAT	Length= 00000000 External STDCALL
IsBadStringPtrW  . . . . . . . .	P Near	 00000000 FLAT	Length= 00000000 External STDCALL
IsBadWritePtr  . . . . . . . . .	P Near	 00000000 FLAT	Length= 00000000 External STDCALL
IsDBCSLeadByteEx . . . . . . . .	P Near	 00000000 FLAT	Length= 00000000 External STDCALL
IsDBCSLeadByte . . . . . . . . .	P Near	 00000000 FLAT	Length= 00000000 External STDCALL
IsDebuggerPresent  . . . . . . .	P Near	 00000000 FLAT	Length= 00000000 External STDCALL
IsProcessorFeaturePresent  . . .	P Near	 00000000 FLAT	Length= 00000000 External STDCALL
IsSystemResumeAutomatic  . . . .	P Near	 00000000 FLAT	Length= 00000000 External STDCALL
IsValidCodePage  . . . . . . . .	P Near	 00000000 FLAT	Length= 00000000 External STDCALL
IsValidLanguageGroup . . . . . .	P Near	 00000000 FLAT	Length= 00000000 External STDCALL
IsValidLocale  . . . . . . . . .	P Near	 00000000 FLAT	Length= 00000000 External STDCALL
LCMapStringA . . . . . . . . . .	P Near	 00000000 FLAT	Length= 00000000 External STDCALL
LCMapStringW . . . . . . . . . .	P Near	 00000000 FLAT	Length= 00000000 External STDCALL
LeaveCriticalSection . . . . . .	P Near	 00000000 FLAT	Length= 00000000 External STDCALL
LoadLibraryA . . . . . . . . . .	P Near	 00000000 FLAT	Length= 00000000 External STDCALL
LoadLibraryExA . . . . . . . . .	P Near	 00000000 FLAT	Length= 00000000 External STDCALL
LoadLibraryExW . . . . . . . . .	P Near	 00000000 FLAT	Length= 00000000 External STDCALL
LoadLibraryW . . . . . . . . . .	P Near	 00000000 FLAT	Length= 00000000 External STDCALL
LoadList . . . . . . . . . . . .	P Near	 00000000 FLAT	Length= 00000000 External STDCALL
LoadModule . . . . . . . . . . .	P Near	 00000000 FLAT	Length= 00000000 External STDCALL
LoadResource . . . . . . . . . .	P Near	 00000000 FLAT	Length= 00000000 External STDCALL
LocalAlloc . . . . . . . . . . .	P Near	 00000000 FLAT	Length= 00000000 External STDCALL
LocalCompact . . . . . . . . . .	P Near	 00000000 FLAT	Length= 00000000 External STDCALL
LocalFileTimeToFileTime  . . . .	P Near	 00000000 FLAT	Length= 00000000 External STDCALL
LocalFlags . . . . . . . . . . .	P Near	 00000000 FLAT	Length= 00000000 External STDCALL
LocalFree  . . . . . . . . . . .	P Near	 00000000 FLAT	Length= 00000000 External STDCALL
LocalHandle  . . . . . . . . . .	P Near	 00000000 FLAT	Length= 00000000 External STDCALL
LocalLock  . . . . . . . . . . .	P Near	 00000000 FLAT	Length= 00000000 External STDCALL
LocalReAlloc . . . . . . . . . .	P Near	 00000000 FLAT	Length= 00000000 External STDCALL
LocalShrink  . . . . . . . . . .	P Near	 00000000 FLAT	Length= 00000000 External STDCALL
LocalSize  . . . . . . . . . . .	P Near	 00000000 FLAT	Length= 00000000 External STDCALL
LocalUnlock  . . . . . . . . . .	P Near	 00000000 FLAT	Length= 00000000 External STDCALL
LockFileEx . . . . . . . . . . .	P Near	 00000000 FLAT	Length= 00000000 External STDCALL
LockFile . . . . . . . . . . . .	P Near	 00000000 FLAT	Length= 00000000 External STDCALL
LockResource . . . . . . . . . .	P Near	 00000000 FLAT	Length= 00000000 External STDCALL
MapUserPhysicalPagesScatter  . .	P Near	 00000000 FLAT	Length= 00000000 External STDCALL
MapUserPhysicalPages . . . . . .	P Near	 00000000 FLAT	Length= 00000000 External STDCALL
MapViewOfFileEx  . . . . . . . .	P Near	 00000000 FLAT	Length= 00000000 External STDCALL
MapViewOfFile  . . . . . . . . .	P Near	 00000000 FLAT	Length= 00000000 External STDCALL
MemCopy  . . . . . . . . . . . .	P Near	 00000000 FLAT	Length= 00000000 External STDCALL
Module32FirstW . . . . . . . . .	P Near	 00000000 FLAT	Length= 00000000 External STDCALL
Module32First  . . . . . . . . .	P Near	 00000000 FLAT	Length= 00000000 External STDCALL
Module32NextW  . . . . . . . . .	P Near	 00000000 FLAT	Length= 00000000 External STDCALL
Module32Next . . . . . . . . . .	P Near	 00000000 FLAT	Length= 00000000 External STDCALL
MoveFileA  . . . . . . . . . . .	P Near	 00000000 FLAT	Length= 00000000 External STDCALL
MoveFileExA  . . . . . . . . . .	P Near	 00000000 FLAT	Length= 00000000 External STDCALL
MoveFileExW  . . . . . . . . . .	P Near	 00000000 FLAT	Length= 00000000 External STDCALL
MoveFileWithProgressA  . . . . .	P Near	 00000000 FLAT	Length= 00000000 External STDCALL
MoveFileWithProgressW  . . . . .	P Near	 00000000 FLAT	Length= 00000000 External STDCALL
MoveFileW  . . . . . . . . . . .	P Near	 00000000 FLAT	Length= 00000000 External STDCALL
MulDiv . . . . . . . . . . . . .	P Near	 00000000 FLAT	Length= 00000000 External STDCALL
MultiByteToWideChar  . . . . . .	P Near	 00000000 FLAT	Length= 00000000 External STDCALL
NameFromPath . . . . . . . . . .	P Near	 00000000 FLAT	Length= 00000000 External STDCALL
NumToStr . . . . . . . . . . . .	P Far	 0000013B _TEXT	Length= 00000070 Public STDCALL
  positive . . . . . . . . . . .	L Near	 0000015D _TEXT	
  myEnd  . . . . . . . . . . . .	L Near	 00000178 _TEXT	
  pos  . . . . . . . . . . . . .	L Near	 00000189 _TEXT	
  cycle2 . . . . . . . . . . . .	L Near	 0000018D _TEXT	
OpenEventA . . . . . . . . . . .	P Near	 00000000 FLAT	Length= 00000000 External STDCALL
OpenEventW . . . . . . . . . . .	P Near	 00000000 FLAT	Length= 00000000 External STDCALL
OpenFileDialog . . . . . . . . .	P Near	 00000000 FLAT	Length= 00000000 External STDCALL
OpenFileMappingA . . . . . . . .	P Near	 00000000 FLAT	Length= 00000000 External STDCALL
OpenFileMappingW . . . . . . . .	P Near	 00000000 FLAT	Length= 00000000 External STDCALL
OpenFile . . . . . . . . . . . .	P Near	 00000000 FLAT	Length= 00000000 External STDCALL
OpenJobObjectA . . . . . . . . .	P Near	 00000000 FLAT	Length= 00000000 External STDCALL
OpenJobObjectW . . . . . . . . .	P Near	 00000000 FLAT	Length= 00000000 External STDCALL
OpenMutexA . . . . . . . . . . .	P Near	 00000000 FLAT	Length= 00000000 External STDCALL
OpenMutexW . . . . . . . . . . .	P Near	 00000000 FLAT	Length= 00000000 External STDCALL
OpenProcess  . . . . . . . . . .	P Near	 00000000 FLAT	Length= 00000000 External STDCALL
OpenSemaphoreA . . . . . . . . .	P Near	 00000000 FLAT	Length= 00000000 External STDCALL
OpenSemaphoreW . . . . . . . . .	P Near	 00000000 FLAT	Length= 00000000 External STDCALL
OpenThread . . . . . . . . . . .	P Near	 00000000 FLAT	Length= 00000000 External STDCALL
OpenWaitableTimerA . . . . . . .	P Near	 00000000 FLAT	Length= 00000000 External STDCALL
OpenWaitableTimerW . . . . . . .	P Near	 00000000 FLAT	Length= 00000000 External STDCALL
OutputDebugStringA . . . . . . .	P Near	 00000000 FLAT	Length= 00000000 External STDCALL
OutputDebugStringW . . . . . . .	P Near	 00000000 FLAT	Length= 00000000 External STDCALL
PageSetupDialog  . . . . . . . .	P Near	 00000000 FLAT	Length= 00000000 External STDCALL
PeekConsoleInputA  . . . . . . .	P Near	 00000000 FLAT	Length= 00000000 External STDCALL
PeekConsoleInputW  . . . . . . .	P Near	 00000000 FLAT	Length= 00000000 External STDCALL
PeekNamedPipe  . . . . . . . . .	P Near	 00000000 FLAT	Length= 00000000 External STDCALL
PostQueuedCompletionStatus . . .	P Near	 00000000 FLAT	Length= 00000000 External STDCALL
PrepareTape  . . . . . . . . . .	P Near	 00000000 FLAT	Length= 00000000 External STDCALL
PrintDialog  . . . . . . . . . .	P Near	 00000000 FLAT	Length= 00000000 External STDCALL
Process32FirstW  . . . . . . . .	P Near	 00000000 FLAT	Length= 00000000 External STDCALL
Process32First . . . . . . . . .	P Near	 00000000 FLAT	Length= 00000000 External STDCALL
Process32NextW . . . . . . . . .	P Near	 00000000 FLAT	Length= 00000000 External STDCALL
Process32Next  . . . . . . . . .	P Near	 00000000 FLAT	Length= 00000000 External STDCALL
ProcessIdToSessionId . . . . . .	P Near	 00000000 FLAT	Length= 00000000 External STDCALL
PulseEvent . . . . . . . . . . .	P Near	 00000000 FLAT	Length= 00000000 External STDCALL
PurgeComm  . . . . . . . . . . .	P Near	 00000000 FLAT	Length= 00000000 External STDCALL
QueryDosDeviceA  . . . . . . . .	P Near	 00000000 FLAT	Length= 00000000 External STDCALL
QueryDosDeviceW  . . . . . . . .	P Near	 00000000 FLAT	Length= 00000000 External STDCALL
QueryInformationJobObject  . . .	P Near	 00000000 FLAT	Length= 00000000 External STDCALL
QueryPerformanceCounter  . . . .	P Near	 00000000 FLAT	Length= 00000000 External STDCALL
QueryPerformanceFrequency  . . .	P Near	 00000000 FLAT	Length= 00000000 External STDCALL
QueueUserAPC . . . . . . . . . .	P Near	 00000000 FLAT	Length= 00000000 External STDCALL
QueueUserWorkItem  . . . . . . .	P Near	 00000000 FLAT	Length= 00000000 External STDCALL
RaiseException . . . . . . . . .	P Near	 00000000 FLAT	Length= 00000000 External STDCALL
ReadConsoleA . . . . . . . . . .	P Near	 00000000 FLAT	Length= 00000000 External STDCALL
ReadConsoleInputA  . . . . . . .	P Near	 00000000 FLAT	Length= 00000000 External STDCALL
ReadConsoleInputW  . . . . . . .	P Near	 00000000 FLAT	Length= 00000000 External STDCALL
ReadConsoleOutputAttribute . . .	P Near	 00000000 FLAT	Length= 00000000 External STDCALL
ReadConsoleOutputA . . . . . . .	P Near	 00000000 FLAT	Length= 00000000 External STDCALL
ReadConsoleOutputCharacterA  . .	P Near	 00000000 FLAT	Length= 00000000 External STDCALL
ReadConsoleOutputCharacterW  . .	P Near	 00000000 FLAT	Length= 00000000 External STDCALL
ReadConsoleOutputW . . . . . . .	P Near	 00000000 FLAT	Length= 00000000 External STDCALL
ReadConsoleW . . . . . . . . . .	P Near	 00000000 FLAT	Length= 00000000 External STDCALL
ReadDirectoryChangesW  . . . . .	P Near	 00000000 FLAT	Length= 00000000 External STDCALL
ReadFileEx . . . . . . . . . . .	P Near	 00000000 FLAT	Length= 00000000 External STDCALL
ReadFileScatter  . . . . . . . .	P Near	 00000000 FLAT	Length= 00000000 External STDCALL
ReadFile . . . . . . . . . . . .	P Near	 00000000 FLAT	Length= 00000000 External STDCALL
ReadProcessMemory  . . . . . . .	P Near	 00000000 FLAT	Length= 00000000 External STDCALL
Read_File_In . . . . . . . . . .	P Near	 00000000 FLAT	Length= 00000000 External STDCALL
RegisterWaitForSingleObjectEx  .	P Near	 00000000 FLAT	Length= 00000000 External STDCALL
RegisterWaitForSingleObject  . .	P Near	 00000000 FLAT	Length= 00000000 External STDCALL
ReleaseMutex . . . . . . . . . .	P Near	 00000000 FLAT	Length= 00000000 External STDCALL
ReleaseSemaphore . . . . . . . .	P Near	 00000000 FLAT	Length= 00000000 External STDCALL
RemoveDirectoryA . . . . . . . .	P Near	 00000000 FLAT	Length= 00000000 External STDCALL
RemoveDirectoryW . . . . . . . .	P Near	 00000000 FLAT	Length= 00000000 External STDCALL
ReplaceFileA . . . . . . . . . .	P Near	 00000000 FLAT	Length= 00000000 External STDCALL
ReplaceFileW . . . . . . . . . .	P Near	 00000000 FLAT	Length= 00000000 External STDCALL
RequestDeviceWakeup  . . . . . .	P Near	 00000000 FLAT	Length= 00000000 External STDCALL
RequestWakeupLatency . . . . . .	P Near	 00000000 FLAT	Length= 00000000 External STDCALL
ResetEvent . . . . . . . . . . .	P Near	 00000000 FLAT	Length= 00000000 External STDCALL
ResetWriteWatch  . . . . . . . .	P Near	 00000000 FLAT	Length= 00000000 External STDCALL
ResumeThread . . . . . . . . . .	P Near	 00000000 FLAT	Length= 00000000 External STDCALL
RichEd1  . . . . . . . . . . . .	P Near	 00000000 FLAT	Length= 00000000 External STDCALL
RichEd2  . . . . . . . . . . . .	P Near	 00000000 FLAT	Length= 00000000 External STDCALL
RolData  . . . . . . . . . . . .	P Near	 00000000 FLAT	Length= 00000000 External STDCALL
RorData  . . . . . . . . . . . .	P Near	 00000000 FLAT	Length= 00000000 External STDCALL
RtlFillMemory  . . . . . . . . .	P Near	 00000000 FLAT	Length= 00000000 External STDCALL
RtlMoveMemory  . . . . . . . . .	P Near	 00000000 FLAT	Length= 00000000 External STDCALL
RtlUnwind  . . . . . . . . . . .	P Near	 00000000 FLAT	Length= 00000000 External STDCALL
RtlZeroMemory  . . . . . . . . .	P Near	 00000000 FLAT	Length= 00000000 External STDCALL
SBMBinSearch . . . . . . . . . .	P Near	 00000000 FLAT	Length= 00000000 External STDCALL
SaveFileDialog . . . . . . . . .	P Near	 00000000 FLAT	Length= 00000000 External STDCALL
ScrollConsoleScreenBufferA . . .	P Near	 00000000 FLAT	Length= 00000000 External STDCALL
ScrollConsoleScreenBufferW . . .	P Near	 00000000 FLAT	Length= 00000000 External STDCALL
SearchPathA  . . . . . . . . . .	P Near	 00000000 FLAT	Length= 00000000 External STDCALL
SearchPathW  . . . . . . . . . .	P Near	 00000000 FLAT	Length= 00000000 External STDCALL
SetBMcolor . . . . . . . . . . .	P Near	 00000000 FLAT	Length= 00000000 External STDCALL
SetCalendarInfoA . . . . . . . .	P Near	 00000000 FLAT	Length= 00000000 External STDCALL
SetCalendarInfoW . . . . . . . .	P Near	 00000000 FLAT	Length= 00000000 External STDCALL
SetCommBreak . . . . . . . . . .	P Near	 00000000 FLAT	Length= 00000000 External STDCALL
SetCommConfig  . . . . . . . . .	P Near	 00000000 FLAT	Length= 00000000 External STDCALL
SetCommMask  . . . . . . . . . .	P Near	 00000000 FLAT	Length= 00000000 External STDCALL
SetCommState . . . . . . . . . .	P Near	 00000000 FLAT	Length= 00000000 External STDCALL
SetCommTimeouts  . . . . . . . .	P Near	 00000000 FLAT	Length= 00000000 External STDCALL
SetComputerNameA . . . . . . . .	P Near	 00000000 FLAT	Length= 00000000 External STDCALL
SetComputerNameExA . . . . . . .	P Near	 00000000 FLAT	Length= 00000000 External STDCALL
SetComputerNameExW . . . . . . .	P Near	 00000000 FLAT	Length= 00000000 External STDCALL
SetComputerNameW . . . . . . . .	P Near	 00000000 FLAT	Length= 00000000 External STDCALL
SetConsoleActiveScreenBuffer . .	P Near	 00000000 FLAT	Length= 00000000 External STDCALL
SetConsoleCP . . . . . . . . . .	P Near	 00000000 FLAT	Length= 00000000 External STDCALL
SetConsoleCtrlHandler  . . . . .	P Near	 00000000 FLAT	Length= 00000000 External STDCALL
SetConsoleCursorInfo . . . . . .	P Near	 00000000 FLAT	Length= 00000000 External STDCALL
SetConsoleCursorPosition . . . .	P Near	 00000000 FLAT	Length= 00000000 External STDCALL
SetConsoleCursor . . . . . . . .	P Near	 00000000 FLAT	Length= 00000000 External STDCALL
SetConsoleMode . . . . . . . . .	P Near	 00000000 FLAT	Length= 00000000 External STDCALL
SetConsoleOutputCP . . . . . . .	P Near	 00000000 FLAT	Length= 00000000 External STDCALL
SetConsoleScreenBufferSize . . .	P Near	 00000000 FLAT	Length= 00000000 External STDCALL
SetConsoleTextAttribute  . . . .	P Near	 00000000 FLAT	Length= 00000000 External STDCALL
SetConsoleTitleA . . . . . . . .	P Near	 00000000 FLAT	Length= 00000000 External STDCALL
SetConsoleTitleW . . . . . . . .	P Near	 00000000 FLAT	Length= 00000000 External STDCALL
SetConsoleWindowInfo . . . . . .	P Near	 00000000 FLAT	Length= 00000000 External STDCALL
SetCriticalSectionSpinCount  . .	P Near	 00000000 FLAT	Length= 00000000 External STDCALL
SetCurrentDirectoryA . . . . . .	P Near	 00000000 FLAT	Length= 00000000 External STDCALL
SetCurrentDirectoryW . . . . . .	P Near	 00000000 FLAT	Length= 00000000 External STDCALL
SetDefaultCommConfigA  . . . . .	P Near	 00000000 FLAT	Length= 00000000 External STDCALL
SetDefaultCommConfigW  . . . . .	P Near	 00000000 FLAT	Length= 00000000 External STDCALL
SetEndOfFile . . . . . . . . . .	P Near	 00000000 FLAT	Length= 00000000 External STDCALL
SetEnvironmentVariableA  . . . .	P Near	 00000000 FLAT	Length= 00000000 External STDCALL
SetEnvironmentVariableW  . . . .	P Near	 00000000 FLAT	Length= 00000000 External STDCALL
SetErrorMode . . . . . . . . . .	P Near	 00000000 FLAT	Length= 00000000 External STDCALL
SetEvent . . . . . . . . . . . .	P Near	 00000000 FLAT	Length= 00000000 External STDCALL
SetFileApisToANSI  . . . . . . .	P Near	 00000000 FLAT	Length= 00000000 External STDCALL
SetFileApisToOEM . . . . . . . .	P Near	 00000000 FLAT	Length= 00000000 External STDCALL
SetFileAttributesA . . . . . . .	P Near	 00000000 FLAT	Length= 00000000 External STDCALL
SetFileAttributesW . . . . . . .	P Near	 00000000 FLAT	Length= 00000000 External STDCALL
SetFilePointerEx . . . . . . . .	P Near	 00000000 FLAT	Length= 00000000 External STDCALL
SetFilePointer . . . . . . . . .	P Near	 00000000 FLAT	Length= 00000000 External STDCALL
SetFileTime  . . . . . . . . . .	P Near	 00000000 FLAT	Length= 00000000 External STDCALL
SetHandleCount . . . . . . . . .	P Near	 00000000 FLAT	Length= 00000000 External STDCALL
SetHandleInformation . . . . . .	P Near	 00000000 FLAT	Length= 00000000 External STDCALL
SetInformationJobObject  . . . .	P Near	 00000000 FLAT	Length= 00000000 External STDCALL
SetLastError . . . . . . . . . .	P Near	 00000000 FLAT	Length= 00000000 External STDCALL
SetLocalTime . . . . . . . . . .	P Near	 00000000 FLAT	Length= 00000000 External STDCALL
SetLocaleInfoA . . . . . . . . .	P Near	 00000000 FLAT	Length= 00000000 External STDCALL
SetLocaleInfoW . . . . . . . . .	P Near	 00000000 FLAT	Length= 00000000 External STDCALL
SetMailslotInfo  . . . . . . . .	P Near	 00000000 FLAT	Length= 00000000 External STDCALL
SetMessageWaitingIndicator . . .	P Near	 00000000 FLAT	Length= 00000000 External STDCALL
SetNamedPipeHandleState  . . . .	P Near	 00000000 FLAT	Length= 00000000 External STDCALL
SetPriorityClass . . . . . . . .	P Near	 00000000 FLAT	Length= 00000000 External STDCALL
SetProcessAffinityMask . . . . .	P Near	 00000000 FLAT	Length= 00000000 External STDCALL
SetProcessPriorityBoost  . . . .	P Near	 00000000 FLAT	Length= 00000000 External STDCALL
SetProcessShutdownParameters . .	P Near	 00000000 FLAT	Length= 00000000 External STDCALL
SetProcessWorkingSetSize . . . .	P Near	 00000000 FLAT	Length= 00000000 External STDCALL
SetStdHandle . . . . . . . . . .	P Near	 00000000 FLAT	Length= 00000000 External STDCALL
SetSystemPowerState  . . . . . .	P Near	 00000000 FLAT	Length= 00000000 External STDCALL
SetSystemTimeAdjustment  . . . .	P Near	 00000000 FLAT	Length= 00000000 External STDCALL
SetSystemTime  . . . . . . . . .	P Near	 00000000 FLAT	Length= 00000000 External STDCALL
SetTapeParameters  . . . . . . .	P Near	 00000000 FLAT	Length= 00000000 External STDCALL
SetTapePosition  . . . . . . . .	P Near	 00000000 FLAT	Length= 00000000 External STDCALL
SetThreadAffinityMask  . . . . .	P Near	 00000000 FLAT	Length= 00000000 External STDCALL
SetThreadContext . . . . . . . .	P Near	 00000000 FLAT	Length= 00000000 External STDCALL
SetThreadExecutionState  . . . .	P Near	 00000000 FLAT	Length= 00000000 External STDCALL
SetThreadIdealProcessor  . . . .	P Near	 00000000 FLAT	Length= 00000000 External STDCALL
SetThreadLocale  . . . . . . . .	P Near	 00000000 FLAT	Length= 00000000 External STDCALL
SetThreadPriorityBoost . . . . .	P Near	 00000000 FLAT	Length= 00000000 External STDCALL
SetThreadPriority  . . . . . . .	P Near	 00000000 FLAT	Length= 00000000 External STDCALL
SetTimeZoneInformation . . . . .	P Near	 00000000 FLAT	Length= 00000000 External STDCALL
SetTimerQueueTimer . . . . . . .	P Near	 00000000 FLAT	Length= 00000000 External STDCALL
SetUnhandledExceptionFilter  . .	P Near	 00000000 FLAT	Length= 00000000 External STDCALL
SetVolumeLabelA  . . . . . . . .	P Near	 00000000 FLAT	Length= 00000000 External STDCALL
SetVolumeLabelW  . . . . . . . .	P Near	 00000000 FLAT	Length= 00000000 External STDCALL
SetVolumeMountPointA . . . . . .	P Near	 00000000 FLAT	Length= 00000000 External STDCALL
SetVolumeMountPointW . . . . . .	P Near	 00000000 FLAT	Length= 00000000 External STDCALL
SetWaitableTimer . . . . . . . .	P Near	 00000000 FLAT	Length= 00000000 External STDCALL
SetupComm  . . . . . . . . . . .	P Near	 00000000 FLAT	Length= 00000000 External STDCALL
SignalObjectAndWait  . . . . . .	P Near	 00000000 FLAT	Length= 00000000 External STDCALL
SizeofResource . . . . . . . . .	P Near	 00000000 FLAT	Length= 00000000 External STDCALL
SleepEx  . . . . . . . . . . . .	P Near	 00000000 FLAT	Length= 00000000 External STDCALL
Sleep  . . . . . . . . . . . . .	P Near	 00000000 FLAT	Length= 00000000 External STDCALL
StdIn  . . . . . . . . . . . . .	P Near	 00000000 FLAT	Length= 00000000 External STDCALL
StdOut . . . . . . . . . . . . .	P Near	 00000000 FLAT	Length= 00000000 External STDCALL
StrLen . . . . . . . . . . . . .	P Near	 00000000 FLAT	Length= 00000000 External STDCALL
StrToFloat . . . . . . . . . . .	P Near	 00000000 FLAT	Length= 00000000 External STDCALL
StripLF  . . . . . . . . . . . .	P Near	 00000000 FLAT	Length= 00000000 External STDCALL
StripRangeI  . . . . . . . . . .	P Near	 00000000 FLAT	Length= 00000000 External STDCALL
StripRangeX  . . . . . . . . . .	P Near	 00000000 FLAT	Length= 00000000 External STDCALL
SuspendThread  . . . . . . . . .	P Near	 00000000 FLAT	Length= 00000000 External STDCALL
SwitchToFiber  . . . . . . . . .	P Near	 00000000 FLAT	Length= 00000000 External STDCALL
SwitchToThread . . . . . . . . .	P Near	 00000000 FLAT	Length= 00000000 External STDCALL
SystemTimeToFileTime . . . . . .	P Near	 00000000 FLAT	Length= 00000000 External STDCALL
SystemTimeToTzSpecificLocalTime 	P Near	 00000000 FLAT	Length= 00000000 External STDCALL
TerminateJobObject . . . . . . .	P Near	 00000000 FLAT	Length= 00000000 External STDCALL
TerminateProcess . . . . . . . .	P Near	 00000000 FLAT	Length= 00000000 External STDCALL
TerminateThread  . . . . . . . .	P Near	 00000000 FLAT	Length= 00000000 External STDCALL
Thread32First  . . . . . . . . .	P Near	 00000000 FLAT	Length= 00000000 External STDCALL
Thread32Next . . . . . . . . . .	P Near	 00000000 FLAT	Length= 00000000 External STDCALL
TlsAlloc . . . . . . . . . . . .	P Near	 00000000 FLAT	Length= 00000000 External STDCALL
TlsFree  . . . . . . . . . . . .	P Near	 00000000 FLAT	Length= 00000000 External STDCALL
TlsGetValue  . . . . . . . . . .	P Near	 00000000 FLAT	Length= 00000000 External STDCALL
TlsSetValue  . . . . . . . . . .	P Near	 00000000 FLAT	Length= 00000000 External STDCALL
Toolhelp32ReadProcessMemory  . .	P Near	 00000000 FLAT	Length= 00000000 External STDCALL
TransactNamedPipe  . . . . . . .	P Near	 00000000 FLAT	Length= 00000000 External STDCALL
TransmitCommChar . . . . . . . .	P Near	 00000000 FLAT	Length= 00000000 External STDCALL
TryEnterCriticalSection  . . . .	P Near	 00000000 FLAT	Length= 00000000 External STDCALL
UnhandledExceptionFilter . . . .	P Near	 00000000 FLAT	Length= 00000000 External STDCALL
UnlockFileEx . . . . . . . . . .	P Near	 00000000 FLAT	Length= 00000000 External STDCALL
UnlockFile . . . . . . . . . . .	P Near	 00000000 FLAT	Length= 00000000 External STDCALL
UnmapViewOfFile  . . . . . . . .	P Near	 00000000 FLAT	Length= 00000000 External STDCALL
UnregisterWaitEx . . . . . . . .	P Near	 00000000 FLAT	Length= 00000000 External STDCALL
UnregisterWait . . . . . . . . .	P Near	 00000000 FLAT	Length= 00000000 External STDCALL
UpdateResourceA  . . . . . . . .	P Near	 00000000 FLAT	Length= 00000000 External STDCALL
UpdateResourceW  . . . . . . . .	P Near	 00000000 FLAT	Length= 00000000 External STDCALL
VerLanguageNameA . . . . . . . .	P Near	 00000000 FLAT	Length= 00000000 External STDCALL
VerLanguageNameW . . . . . . . .	P Near	 00000000 FLAT	Length= 00000000 External STDCALL
VerSetConditionMask  . . . . . .	P Near	 00000000 FLAT	Length= 00000000 External STDCALL
VerifyVersionInfoA . . . . . . .	P Near	 00000000 FLAT	Length= 00000000 External STDCALL
VerifyVersionInfoW . . . . . . .	P Near	 00000000 FLAT	Length= 00000000 External STDCALL
VerticalTile . . . . . . . . . .	P Near	 00000000 FLAT	Length= 00000000 External STDCALL
VirtualAllocEx . . . . . . . . .	P Near	 00000000 FLAT	Length= 00000000 External STDCALL
VirtualAlloc . . . . . . . . . .	P Near	 00000000 FLAT	Length= 00000000 External STDCALL
VirtualFreeEx  . . . . . . . . .	P Near	 00000000 FLAT	Length= 00000000 External STDCALL
VirtualFree  . . . . . . . . . .	P Near	 00000000 FLAT	Length= 00000000 External STDCALL
VirtualLock  . . . . . . . . . .	P Near	 00000000 FLAT	Length= 00000000 External STDCALL
VirtualProtectEx . . . . . . . .	P Near	 00000000 FLAT	Length= 00000000 External STDCALL
VirtualProtect . . . . . . . . .	P Near	 00000000 FLAT	Length= 00000000 External STDCALL
VirtualQueryEx . . . . . . . . .	P Near	 00000000 FLAT	Length= 00000000 External STDCALL
VirtualQuery . . . . . . . . . .	P Near	 00000000 FLAT	Length= 00000000 External STDCALL
VirtualUnlock  . . . . . . . . .	P Near	 00000000 FLAT	Length= 00000000 External STDCALL
WaitCommEvent  . . . . . . . . .	P Near	 00000000 FLAT	Length= 00000000 External STDCALL
WaitForDebugEvent  . . . . . . .	P Near	 00000000 FLAT	Length= 00000000 External STDCALL
WaitForMultipleObjectsEx . . . .	P Near	 00000000 FLAT	Length= 00000000 External STDCALL
WaitForMultipleObjects . . . . .	P Near	 00000000 FLAT	Length= 00000000 External STDCALL
WaitForSingleObjectEx  . . . . .	P Near	 00000000 FLAT	Length= 00000000 External STDCALL
WaitForSingleObject  . . . . . .	P Near	 00000000 FLAT	Length= 00000000 External STDCALL
WaitNamedPipeA . . . . . . . . .	P Near	 00000000 FLAT	Length= 00000000 External STDCALL
WaitNamedPipeW . . . . . . . . .	P Near	 00000000 FLAT	Length= 00000000 External STDCALL
WideCharToMultiByte  . . . . . .	P Near	 00000000 FLAT	Length= 00000000 External STDCALL
WinExec  . . . . . . . . . . . .	P Near	 00000000 FLAT	Length= 00000000 External STDCALL
WordCount  . . . . . . . . . . .	P Near	 00000000 FLAT	Length= 00000000 External STDCALL
WriteConsoleA  . . . . . . . . .	P Near	 00000000 FLAT	Length= 00000000 External STDCALL
WriteConsoleInputA . . . . . . .	P Near	 00000000 FLAT	Length= 00000000 External STDCALL
WriteConsoleInputW . . . . . . .	P Near	 00000000 FLAT	Length= 00000000 External STDCALL
WriteConsoleOutputAttribute  . .	P Near	 00000000 FLAT	Length= 00000000 External STDCALL
WriteConsoleOutputA  . . . . . .	P Near	 00000000 FLAT	Length= 00000000 External STDCALL
WriteConsoleOutputCharacterA . .	P Near	 00000000 FLAT	Length= 00000000 External STDCALL
WriteConsoleOutputCharacterW . .	P Near	 00000000 FLAT	Length= 00000000 External STDCALL
WriteConsoleOutputW  . . . . . .	P Near	 00000000 FLAT	Length= 00000000 External STDCALL
WriteConsoleW  . . . . . . . . .	P Near	 00000000 FLAT	Length= 00000000 External STDCALL
WriteFileEx  . . . . . . . . . .	P Near	 00000000 FLAT	Length= 00000000 External STDCALL
WriteFileGather  . . . . . . . .	P Near	 00000000 FLAT	Length= 00000000 External STDCALL
WriteFile  . . . . . . . . . . .	P Near	 00000000 FLAT	Length= 00000000 External STDCALL
WritePrivateProfileSectionA  . .	P Near	 00000000 FLAT	Length= 00000000 External STDCALL
WritePrivateProfileSectionW  . .	P Near	 00000000 FLAT	Length= 00000000 External STDCALL
WritePrivateProfileStringA . . .	P Near	 00000000 FLAT	Length= 00000000 External STDCALL
WritePrivateProfileStringW . . .	P Near	 00000000 FLAT	Length= 00000000 External STDCALL
WritePrivateProfileStructA . . .	P Near	 00000000 FLAT	Length= 00000000 External STDCALL
WritePrivateProfileStructW . . .	P Near	 00000000 FLAT	Length= 00000000 External STDCALL
WriteProcessMemory . . . . . . .	P Near	 00000000 FLAT	Length= 00000000 External STDCALL
WriteProfileSectionA . . . . . .	P Near	 00000000 FLAT	Length= 00000000 External STDCALL
WriteProfileSectionW . . . . . .	P Near	 00000000 FLAT	Length= 00000000 External STDCALL
WriteProfileStringA  . . . . . .	P Near	 00000000 FLAT	Length= 00000000 External STDCALL
WriteProfileStringW  . . . . . .	P Near	 00000000 FLAT	Length= 00000000 External STDCALL
WriteTapemark  . . . . . . . . .	P Near	 00000000 FLAT	Length= 00000000 External STDCALL
Write_To_Disk  . . . . . . . . .	P Near	 00000000 FLAT	Length= 00000000 External STDCALL
XorData  . . . . . . . . . . . .	P Near	 00000000 FLAT	Length= 00000000 External STDCALL
_hread . . . . . . . . . . . . .	P Near	 00000000 FLAT	Length= 00000000 External STDCALL
_hwrite  . . . . . . . . . . . .	P Near	 00000000 FLAT	Length= 00000000 External STDCALL
_lclose  . . . . . . . . . . . .	P Near	 00000000 FLAT	Length= 00000000 External STDCALL
_lcreat  . . . . . . . . . . . .	P Near	 00000000 FLAT	Length= 00000000 External STDCALL
_llseek  . . . . . . . . . . . .	P Near	 00000000 FLAT	Length= 00000000 External STDCALL
_lopen . . . . . . . . . . . . .	P Near	 00000000 FLAT	Length= 00000000 External STDCALL
_lread . . . . . . . . . . . . .	P Near	 00000000 FLAT	Length= 00000000 External STDCALL
_lwrite  . . . . . . . . . . . .	P Near	 00000000 FLAT	Length= 00000000 External STDCALL
a2dw . . . . . . . . . . . . . .	P Near	 00000000 FLAT	Length= 00000000 External STDCALL
a2wc . . . . . . . . . . . . . .	P Near	 00000000 FLAT	Length= 00000000 External STDCALL
arr_add  . . . . . . . . . . . .	P Near	 00000000 FLAT	Length= 00000000 External STDCALL
arr_mul  . . . . . . . . . . . .	P Near	 00000000 FLAT	Length= 00000000 External STDCALL
arr_sub  . . . . . . . . . . . .	P Near	 00000000 FLAT	Length= 00000000 External STDCALL
atodw  . . . . . . . . . . . . .	P Near	 00000000 FLAT	Length= 00000000 External STDCALL
atol . . . . . . . . . . . . . .	P Near	 00000000 FLAT	Length= 00000000 External STDCALL
byte_count . . . . . . . . . . .	P Near	 00000000 FLAT	Length= 00000000 External STDCALL
circle . . . . . . . . . . . . .	P Near	 00000000 FLAT	Length= 00000000 External STDCALL
create_array . . . . . . . . . .	P Near	 00000000 FLAT	Length= 00000000 External STDCALL
dw2ah  . . . . . . . . . . . . .	P Near	 00000000 FLAT	Length= 00000000 External STDCALL
dw2a . . . . . . . . . . . . . .	P Near	 00000000 FLAT	Length= 00000000 External STDCALL
dw2hex . . . . . . . . . . . . .	P Near	 00000000 FLAT	Length= 00000000 External STDCALL
dwtoa  . . . . . . . . . . . . .	P Near	 00000000 FLAT	Length= 00000000 External STDCALL
exist  . . . . . . . . . . . . .	P Near	 00000000 FLAT	Length= 00000000 External STDCALL
filesize . . . . . . . . . . . .	P Near	 00000000 FLAT	Length= 00000000 External STDCALL
htodw  . . . . . . . . . . . . .	P Near	 00000000 FLAT	Length= 00000000 External STDCALL
line . . . . . . . . . . . . . .	P Near	 00000000 FLAT	Length= 00000000 External STDCALL
load_drives  . . . . . . . . . .	P Near	 00000000 FLAT	Length= 00000000 External STDCALL
locate . . . . . . . . . . . . .	P Near	 00000000 FLAT	Length= 00000000 External STDCALL
lstrcatA . . . . . . . . . . . .	P Near	 00000000 FLAT	Length= 00000000 External STDCALL
lstrcatW . . . . . . . . . . . .	P Near	 00000000 FLAT	Length= 00000000 External STDCALL
lstrcmpA . . . . . . . . . . . .	P Near	 00000000 FLAT	Length= 00000000 External STDCALL
lstrcmpW . . . . . . . . . . . .	P Near	 00000000 FLAT	Length= 00000000 External STDCALL
lstrcmpiA  . . . . . . . . . . .	P Near	 00000000 FLAT	Length= 00000000 External STDCALL
lstrcmpiW  . . . . . . . . . . .	P Near	 00000000 FLAT	Length= 00000000 External STDCALL
lstrcpyA . . . . . . . . . . . .	P Near	 00000000 FLAT	Length= 00000000 External STDCALL
lstrcpyW . . . . . . . . . . . .	P Near	 00000000 FLAT	Length= 00000000 External STDCALL
lstrcpynA  . . . . . . . . . . .	P Near	 00000000 FLAT	Length= 00000000 External STDCALL
lstrcpynW  . . . . . . . . . . .	P Near	 00000000 FLAT	Length= 00000000 External STDCALL
lstrlenA . . . . . . . . . . . .	P Near	 00000000 FLAT	Length= 00000000 External STDCALL
lstrlenW . . . . . . . . . . . .	P Near	 00000000 FLAT	Length= 00000000 External STDCALL
ltoa . . . . . . . . . . . . . .	P Near	 00000000 FLAT	Length= 00000000 External STDCALL
main . . . . . . . . . . . . . .	P Far	 000001AB _TEXT	Length= 00000068 Public STDCALL
memfill  . . . . . . . . . . . .	P Near	 00000000 FLAT	Length= 00000000 External STDCALL
nrQsortA . . . . . . . . . . . .	P Near	 00000000 FLAT	Length= 00000000 External STDCALL
nrQsortD . . . . . . . . . . . .	P Near	 00000000 FLAT	Length= 00000000 External STDCALL
nrandom  . . . . . . . . . . . .	P Near	 00000000 FLAT	Length= 00000000 External STDCALL
nseed  . . . . . . . . . . . . .	P Near	 00000000 FLAT	Length= 00000000 External STDCALL
ofCallBack . . . . . . . . . . .	P Near	 00000000 FLAT	Length= 00000000 External STDCALL
read_disk_file . . . . . . . . .	P Near	 00000000 FLAT	Length= 00000000 External STDCALL
sfCallBack . . . . . . . . . . .	P Near	 00000000 FLAT	Length= 00000000 External STDCALL
shell  . . . . . . . . . . . . .	P Near	 00000000 FLAT	Length= 00000000 External STDCALL
szCatStr . . . . . . . . . . . .	P Near	 00000000 FLAT	Length= 00000000 External STDCALL
szCmpi . . . . . . . . . . . . .	P Near	 00000000 FLAT	Length= 00000000 External STDCALL
szCmp  . . . . . . . . . . . . .	P Near	 00000000 FLAT	Length= 00000000 External STDCALL
szCopy . . . . . . . . . . . . .	P Near	 00000000 FLAT	Length= 00000000 External STDCALL
szLeft . . . . . . . . . . . . .	P Near	 00000000 FLAT	Length= 00000000 External STDCALL
szLen  . . . . . . . . . . . . .	P Near	 00000000 FLAT	Length= 00000000 External STDCALL
szLower  . . . . . . . . . . . .	P Near	 00000000 FLAT	Length= 00000000 External STDCALL
szLtrim  . . . . . . . . . . . .	P Near	 00000000 FLAT	Length= 00000000 External STDCALL
szMid  . . . . . . . . . . . . .	P Near	 00000000 FLAT	Length= 00000000 External STDCALL
szMultiCat . . . . . . . . . . .	P Near	 00000000 FLAT	Length= 00000000 External C
szRemove . . . . . . . . . . . .	P Near	 00000000 FLAT	Length= 00000000 External STDCALL
szRev  . . . . . . . . . . . . .	P Near	 00000000 FLAT	Length= 00000000 External STDCALL
szRight  . . . . . . . . . . . .	P Near	 00000000 FLAT	Length= 00000000 External STDCALL
szRtrim  . . . . . . . . . . . .	P Near	 00000000 FLAT	Length= 00000000 External STDCALL
szTrim . . . . . . . . . . . . .	P Near	 00000000 FLAT	Length= 00000000 External STDCALL
szUpper  . . . . . . . . . . . .	P Near	 00000000 FLAT	Length= 00000000 External STDCALL
szappend . . . . . . . . . . . .	P Near	 00000000 FLAT	Length= 00000000 External STDCALL
testreg  . . . . . . . . . . . .	P Near	 00000000 FLAT	Length= 00000000 External STDCALL
udw2str  . . . . . . . . . . . .	P Near	 00000000 FLAT	Length= 00000000 External STDCALL
ustr2dw  . . . . . . . . . . . .	P Near	 00000000 FLAT	Length= 00000000 External STDCALL
write_disk_file  . . . . . . . .	P Near	 00000000 FLAT	Length= 00000000 External STDCALL


Symbols:

                N a m e                 Type     Value    Attr

@CodeSize  . . . . . . . . . . .	Number	 00000000h   
@DataSize  . . . . . . . . . . .	Number	 00000000h   
@Interface . . . . . . . . . . .	Number	 00000003h   
@Model . . . . . . . . . . . . .	Number	 00000007h   
@code  . . . . . . . . . . . . .	Text   	 _TEXT
@data  . . . . . . . . . . . . .	Text   	 FLAT
@fardata?  . . . . . . . . . . .	Text   	 FLAT
@fardata . . . . . . . . . . . .	Text   	 FLAT
@stack . . . . . . . . . . . . .	Text   	 FLAT
AddAtom  . . . . . . . . . . . .	Text   	 AddAtomA
BeginUpdateResource  . . . . . .	Text   	 BeginUpdateResourceA
BuildCommDCBAndTimeouts  . . . .	Text   	 BuildCommDCBAndTimeoutsA
BuildCommDCB . . . . . . . . . .	Text   	 BuildCommDCBA
CallNamedPipe  . . . . . . . . .	Text   	 CallNamedPipeA
CommConfigDialog . . . . . . . .	Text   	 CommConfigDialogA
CompareString  . . . . . . . . .	Text   	 CompareStringA
CopyFileEx . . . . . . . . . . .	Text   	 CopyFileExA
CopyFile . . . . . . . . . . . .	Text   	 CopyFileA
CreateDirectoryEx  . . . . . . .	Text   	 CreateDirectoryExA
CreateDirectory  . . . . . . . .	Text   	 CreateDirectoryA
CreateEvent  . . . . . . . . . .	Text   	 CreateEventA
CreateFileMapping  . . . . . . .	Text   	 CreateFileMappingA
CreateFile . . . . . . . . . . .	Text   	 CreateFileA
CreateHardLink . . . . . . . . .	Text   	 CreateHardLinkA
CreateJobObject  . . . . . . . .	Text   	 CreateJobObjectA
CreateMailslot . . . . . . . . .	Text   	 CreateMailslotA
CreateMutex  . . . . . . . . . .	Text   	 CreateMutexA
CreateNamedPipe  . . . . . . . .	Text   	 CreateNamedPipeA
CreateProcess  . . . . . . . . .	Text   	 CreateProcessA
CreateSemaphore  . . . . . . . .	Text   	 CreateSemaphoreA
CreateWaitableTimer  . . . . . .	Text   	 CreateWaitableTimerA
DefineDosDevice  . . . . . . . .	Text   	 DefineDosDeviceA
DeleteFile . . . . . . . . . . .	Text   	 DeleteFileA
DeleteVolumeMountPoint . . . . .	Text   	 DeleteVolumeMountPointA
DnsHostnameToComputerName  . . .	Text   	 DnsHostnameToComputerNameA
EndUpdateResource  . . . . . . .	Text   	 EndUpdateResourceA
EnumCalendarInfoEx . . . . . . .	Text   	 EnumCalendarInfoExA
EnumCalendarInfo . . . . . . . .	Text   	 EnumCalendarInfoA
EnumDateFormatsEx  . . . . . . .	Text   	 EnumDateFormatsExA
EnumDateFormats  . . . . . . . .	Text   	 EnumDateFormatsA
EnumLanguageGroupLocales . . . .	Text   	 EnumLanguageGroupLocalesA
EnumResourceLanguages  . . . . .	Text   	 EnumResourceLanguagesA
EnumResourceNames  . . . . . . .	Text   	 EnumResourceNamesA
EnumResourceTypes  . . . . . . .	Text   	 EnumResourceTypesA
EnumSystemCodePages  . . . . . .	Text   	 EnumSystemCodePagesA
EnumSystemLanguageGroups . . . .	Text   	 EnumSystemLanguageGroupsA
EnumSystemLocales  . . . . . . .	Text   	 EnumSystemLocalesA
EnumTimeFormats  . . . . . . . .	Text   	 EnumTimeFormatsA
EnumUILanguages  . . . . . . . .	Text   	 EnumUILanguagesA
ExpandEnvironmentStrings . . . .	Text   	 ExpandEnvironmentStringsA
FatalAppExit . . . . . . . . . .	Text   	 FatalAppExitA
FillConsoleOutputCharacter . . .	Text   	 FillConsoleOutputCharacterA
FindAtom . . . . . . . . . . . .	Text   	 FindAtomA
FindFirstChangeNotification  . .	Text   	 FindFirstChangeNotificationA
FindFirstFileEx  . . . . . . . .	Text   	 FindFirstFileExA
FindFirstFile  . . . . . . . . .	Text   	 FindFirstFileA
FindFirstVolumeMountPoint  . . .	Text   	 FindFirstVolumeMountPointA
FindFirstVolume  . . . . . . . .	Text   	 FindFirstVolumeA
FindNextFile . . . . . . . . . .	Text   	 FindNextFileA
FindNextVolumeMountPoint . . . .	Text   	 FindNextVolumeMountPointA
FindNextVolume . . . . . . . . .	Text   	 FindNextVolumeA
FindResourceEx . . . . . . . . .	Text   	 FindResourceExA
FindResource . . . . . . . . . .	Text   	 FindResourceA
FoldString . . . . . . . . . . .	Text   	 FoldStringA
FormatMessage  . . . . . . . . .	Text   	 FormatMessageA
FreeEnvironmentStrings . . . . .	Text   	 FreeEnvironmentStringsA
GetAtomName  . . . . . . . . . .	Text   	 GetAtomNameA
GetBinaryType  . . . . . . . . .	Text   	 GetBinaryTypeA
GetCPInfoEx  . . . . . . . . . .	Text   	 GetCPInfoExA
GetCalendarInfo  . . . . . . . .	Text   	 GetCalendarInfoA
GetCommandLine . . . . . . . . .	Text   	 GetCommandLineA
GetCompressedFileSize  . . . . .	Text   	 GetCompressedFileSizeA
GetComputerNameEx  . . . . . . .	Text   	 GetComputerNameExA
GetComputerName  . . . . . . . .	Text   	 GetComputerNameA
GetConsoleTitle  . . . . . . . .	Text   	 GetConsoleTitleA
GetCurrencyFormat  . . . . . . .	Text   	 GetCurrencyFormatA
GetCurrentDirectory  . . . . . .	Text   	 GetCurrentDirectoryA
GetDateFormat  . . . . . . . . .	Text   	 GetDateFormatA
GetDefaultCommConfig . . . . . .	Text   	 GetDefaultCommConfigA
GetDiskFreeSpaceEx . . . . . . .	Text   	 GetDiskFreeSpaceExA
GetDiskFreeSpace . . . . . . . .	Text   	 GetDiskFreeSpaceA
GetDriveType . . . . . . . . . .	Text   	 GetDriveTypeA
GetEnvironmentStrings  . . . . .	Text   	 GetEnvironmentStringsA
GetEnvironmentVariable . . . . .	Text   	 GetEnvironmentVariableA
GetFileAttributesEx  . . . . . .	Text   	 GetFileAttributesExA
GetFileAttributes  . . . . . . .	Text   	 GetFileAttributesA
GetFullPathName  . . . . . . . .	Text   	 GetFullPathNameA
GetLocaleInfo  . . . . . . . . .	Text   	 GetLocaleInfoA
GetLogicalDriveStrings . . . . .	Text   	 GetLogicalDriveStringsA
GetLongPathName  . . . . . . . .	Text   	 GetLongPathNameA
GetModuleFileName  . . . . . . .	Text   	 GetModuleFileNameA
GetModuleHandle  . . . . . . . .	Text   	 GetModuleHandleA
GetNamedPipeHandleState  . . . .	Text   	 GetNamedPipeHandleStateA
GetNumberFormat  . . . . . . . .	Text   	 GetNumberFormatA
GetPrivateProfileInt . . . . . .	Text   	 GetPrivateProfileIntA
GetPrivateProfileSectionNames  .	Text   	 GetPrivateProfileSectionNamesA
GetPrivateProfileSection . . . .	Text   	 GetPrivateProfileSectionA
GetPrivateProfileString  . . . .	Text   	 GetPrivateProfileStringA
GetPrivateProfileStruct  . . . .	Text   	 GetPrivateProfileStructA
GetProfileInt  . . . . . . . . .	Text   	 GetProfileIntA
GetProfileSection  . . . . . . .	Text   	 GetProfileSectionA
GetProfileString . . . . . . . .	Text   	 GetProfileStringA
GetShortPathName . . . . . . . .	Text   	 GetShortPathNameA
GetStartupInfo . . . . . . . . .	Text   	 GetStartupInfoA
GetStringTypeEx  . . . . . . . .	Text   	 GetStringTypeExA
GetStringType  . . . . . . . . .	Text   	 GetStringTypeA
GetSystemDirectory . . . . . . .	Text   	 GetSystemDirectoryA
GetSystemWindowsDirectory  . . .	Text   	 GetSystemWindowsDirectoryA
GetTempFileName  . . . . . . . .	Text   	 GetTempFileNameA
GetTempPath  . . . . . . . . . .	Text   	 GetTempPathA
GetTimeFormat  . . . . . . . . .	Text   	 GetTimeFormatA
GetVersionEx . . . . . . . . . .	Text   	 GetVersionExA
GetVolumeInformation . . . . . .	Text   	 GetVolumeInformationA
GetVolumeNameForVolumeMountPoint .	Text   	 GetVolumeNameForVolumeMountPointA
GetVolumePathName  . . . . . . .	Text   	 GetVolumePathNameA
GetWindowsDirectory  . . . . . .	Text   	 GetWindowsDirectoryA
GlobalAddAtom  . . . . . . . . .	Text   	 GlobalAddAtomA
GlobalFindAtom . . . . . . . . .	Text   	 GlobalFindAtomA
GlobalGetAtomName  . . . . . . .	Text   	 GlobalGetAtomNameA
IsBadStringPtr . . . . . . . . .	Text   	 IsBadStringPtrA
LCMapString  . . . . . . . . . .	Text   	 LCMapStringA
LoadLibraryEx  . . . . . . . . .	Text   	 LoadLibraryExA
LoadLibrary  . . . . . . . . . .	Text   	 LoadLibraryA
MoveFileEx . . . . . . . . . . .	Text   	 MoveFileExA
MoveFileWithProgress . . . . . .	Text   	 MoveFileWithProgressA
MoveFile . . . . . . . . . . . .	Text   	 MoveFileA
Num_Value  . . . . . . . . . . .	DWord	 0000000F _DATA	
Num_str  . . . . . . . . . . . .	Byte	 00000000 _DATA	
OpenEvent  . . . . . . . . . . .	Text   	 OpenEventA
OpenFileMapping  . . . . . . . .	Text   	 OpenFileMappingA
OpenJobObject  . . . . . . . . .	Text   	 OpenJobObjectA
OpenMutex  . . . . . . . . . . .	Text   	 OpenMutexA
OpenSemaphore  . . . . . . . . .	Text   	 OpenSemaphoreA
OpenWaitableTimer  . . . . . . .	Text   	 OpenWaitableTimerA
OutputDebugString  . . . . . . .	Text   	 OutputDebugStringA
PeekConsoleInput . . . . . . . .	Text   	 PeekConsoleInputA
QueryDosDevice . . . . . . . . .	Text   	 QueryDosDeviceA
ReadConsoleInput . . . . . . . .	Text   	 ReadConsoleInputA
ReadConsoleOutputCharacter . . .	Text   	 ReadConsoleOutputCharacterA
ReadConsoleOutput  . . . . . . .	Text   	 ReadConsoleOutputA
ReadConsole  . . . . . . . . . .	Text   	 ReadConsoleA
RemoveDirectory  . . . . . . . .	Text   	 RemoveDirectoryA
ReplaceFile  . . . . . . . . . .	Text   	 ReplaceFileA
ScrollConsoleScreenBuffer  . . .	Text   	 ScrollConsoleScreenBufferA
SearchPath . . . . . . . . . . .	Text   	 SearchPathA
SetCalendarInfo  . . . . . . . .	Text   	 SetCalendarInfoA
SetComputerNameEx  . . . . . . .	Text   	 SetComputerNameExA
SetComputerName  . . . . . . . .	Text   	 SetComputerNameA
SetConsoleTitle  . . . . . . . .	Text   	 SetConsoleTitleA
SetCurrentDirectory  . . . . . .	Text   	 SetCurrentDirectoryA
SetDefaultCommConfig . . . . . .	Text   	 SetDefaultCommConfigA
SetEnvironmentVariable . . . . .	Text   	 SetEnvironmentVariableA
SetFileAttributes  . . . . . . .	Text   	 SetFileAttributesA
SetLocaleInfo  . . . . . . . . .	Text   	 SetLocaleInfoA
SetVolumeLabel . . . . . . . . .	Text   	 SetVolumeLabelA
SetVolumeMountPoint  . . . . . .	Text   	 SetVolumeMountPointA
UpdateResource . . . . . . . . .	Text   	 UpdateResourceA
VerLanguageName  . . . . . . . .	Text   	 VerLanguageNameA
VerifyVersionInfo  . . . . . . .	Text   	 VerifyVersionInfoA
WaitNamedPipe  . . . . . . . . .	Text   	 WaitNamedPipeA
WriteConsoleInput  . . . . . . .	Text   	 WriteConsoleInputA
WriteConsoleOutputCharacter  . .	Text   	 WriteConsoleOutputCharacterA
WriteConsoleOutput . . . . . . .	Text   	 WriteConsoleOutputA
WriteConsole . . . . . . . . . .	Text   	 WriteConsoleA
WritePrivateProfileSection . . .	Text   	 WritePrivateProfileSectionA
WritePrivateProfileString  . . .	Text   	 WritePrivateProfileStringA
WritePrivateProfileStruct  . . .	Text   	 WritePrivateProfileStructA
WriteProfileSection  . . . . . .	Text   	 WriteProfileSectionA
WriteProfileString . . . . . . .	Text   	 WriteProfileStringA
cmpsi  . . . . . . . . . . . . .	Text   	 szCmpi
cmpstr . . . . . . . . . . . . .	Text   	 szCmp
end_of_str . . . . . . . . . . .	Byte	 00000013 _DATA	
exitStr  . . . . . . . . . . . .	Byte	 0000001C CONST	
inputDate  . . . . . . . . . . .	Word	 00000096 _DATA	
inputStr . . . . . . . . . . . .	Byte	 00000016 _DATA	
lcase  . . . . . . . . . . . . .	Text   	 szLower
lnstr  . . . . . . . . . . . . .	Text   	 szLen
lstrcat  . . . . . . . . . . . .	Text   	 lstrcatA
lstrcmpi . . . . . . . . . . . .	Text   	 lstrcmpiA
lstrcmp  . . . . . . . . . . . .	Text   	 lstrcmpA
lstrcpyn . . . . . . . . . . . .	Text   	 lstrcpynA
lstrcpy  . . . . . . . . . . . .	Text   	 lstrcpyA
lstrlen  . . . . . . . . . . . .	Text   	 lstrlenA
lstr . . . . . . . . . . . . . .	Text   	 szLeft
ltrim  . . . . . . . . . . . . .	Text   	 szLtrim
midstr . . . . . . . . . . . . .	Text   	 szMid
revstr . . . . . . . . . . . . .	Text   	 szRev
rstr . . . . . . . . . . . . . .	Text   	 szRight
rtrim  . . . . . . . . . . . . .	Text   	 szRtrim
start_text . . . . . . . . . . .	Byte	 00000000 CONST	
trim . . . . . . . . . . . . . .	Text   	 szTrim
ucase  . . . . . . . . . . . . .	Text   	 szUpper

	   0 Warnings
	   0 Errors
